<html>
<body>
<pre>
<h1>µVision Build Log</h1>
<h2>Project:</h2>
C:\Dropbox\apn176\edX_lab16\MySetup\Labware\Lab16_IoT\Lab16_IoT.uvproj
Project File Date:  02/23/2015

<h2>Output:</h2>
Build target 'Lab16_IoT'
compiling main.c...
compiling board.c...
compiling Nokia5110.c...
compiling LED.c...
compiling device.c...
compiling driver.c...
compiling flowcont.c...
compiling fs.c...
compiling netapp.c...
compiling netcfg.c...
compiling nonos.c...
compiling socket.c...
compiling spawn.c...
compiling spi.c...
assembling startup_rvmdk.S...
compiling uart.c...
compiling wlan.c...
compiling uartstdio.c...
compiling ustdlib.c...
linking...
Program Size: Code=15024 RO-data=2276 RW-data=56 ZI-data=19816  
After Build - User command #1: fromelf --bin --output .\rvmdk\cc31000_starter.bin .\rvmdk\cc31000_starter.axf
".\rvmdk\Lab16_IoT.axf" - 0 Error(s), 0 Warning(s).
Clean started: Project: 'Lab16_IoT'
   deleting intermediate output files for target 'Lab16_IoT'
</pre>
</body>
</html>
