ARM Linker, 5.03 [Build 76] [MDK-ARM Lite]

==============================================================================

Section Cross References

    startup.o(STACK) refers (Special) to heapauxi.o(.text) for __use_two_region_memory
    startup.o(HEAP) refers (Special) to heapauxi.o(.text) for __use_two_region_memory
    startup.o(RESET) refers (Special) to heapauxi.o(.text) for __use_two_region_memory
    startup.o(RESET) refers to startup.o(STACK) for StackMem
    startup.o(RESET) refers to spaceinvaders.o(i.SysTick_Handler) for SysTick_Handler
    startup.o(RESET) refers to spaceinvaders.o(i.GPIOPortE_Handler) for GPIOPortE_Handler
    startup.o(RESET) refers to spaceinvaders.o(i.Timer0A_Handler) for Timer0A_Handler
    startup.o(RESET) refers to spaceinvaders.o(i.Timer2A_Handler) for Timer2A_Handler
    startup.o(RESET) refers to texas.o(i.Timer4A_Handler) for Timer4A_Handler
    startup.o(RESET) refers to texas.o(i.Timer5A_Handler) for Timer5A_Handler
    startup.o(RESET) refers to __main.o(!!!main) for __main
    startup.o(.text) refers (Special) to heapauxi.o(.text) for __use_two_region_memory
    startup.o(.text) refers to startup.o(HEAP) for HeapMem
    startup.o(.text) refers to startup.o(STACK) for StackMem
    random.o(.text) refers to random.o(DATA) for M
    spaceinvaders.o(i.Draw_Start) refers to virtualnokia5110.o(i.Nokia5110_ClearBuffer) for Nokia5110_ClearBuffer
    spaceinvaders.o(i.Draw_Start) refers to virtualnokia5110.o(i.Nokia5110_PrintBMP) for Nokia5110_PrintBMP
    spaceinvaders.o(i.Draw_Start) refers to virtualnokia5110.o(i.Nokia5110_DisplayBuffer) for Nokia5110_DisplayBuffer
    spaceinvaders.o(i.Draw_Start) refers to spaceinvaders.o(.bss) for Enemy30
    spaceinvaders.o(i.Draw_Start) refers to spaceinvaders.o(.data) for FrameCount
    spaceinvaders.o(i.EdgeCounter_Init) refers to spaceinvaders.o(.data) for FallingEdges
    spaceinvaders.o(i.Enemy_Explosion) refers to spaceinvaders.o(i.Draw_Start) for Draw_Start
    spaceinvaders.o(i.Enemy_Explosion) refers to virtualnokia5110.o(i.Nokia5110_PrintBMP) for Nokia5110_PrintBMP
    spaceinvaders.o(i.Enemy_Explosion) refers to virtualnokia5110.o(i.Nokia5110_DisplayBuffer) for Nokia5110_DisplayBuffer
    spaceinvaders.o(i.Enemy_Explosion) refers to spaceinvaders.o(i.Delay100ms) for Delay100ms
    spaceinvaders.o(i.Enemy_Explosion) refers to spaceinvaders.o(.data) for enemy_index
    spaceinvaders.o(i.Enemy_Explosion) refers to spaceinvaders.o(.bss) for Enemy10
    spaceinvaders.o(i.GPIOPortE_Handler) refers to spaceinvaders.o(i.Sound_Shoot) for Sound_Shoot
    spaceinvaders.o(i.GPIOPortE_Handler) refers to spaceinvaders.o(i.Shoot_Missile) for Shoot_Missile
    spaceinvaders.o(i.GPIOPortE_Handler) refers to spaceinvaders.o(.data) for FallingEdges
    spaceinvaders.o(i.Init_Bottom) refers to spaceinvaders.o(.bss) for Enemy10
    spaceinvaders.o(i.Init_Bottom) refers to spaceinvaders.o(.constdata) for SmallEnemy10PointA
    spaceinvaders.o(i.Init_Bunker) refers to spaceinvaders.o(.bss) for Bunker
    spaceinvaders.o(i.Init_Bunker) refers to spaceinvaders.o(.constdata) for PlayerShip0
    spaceinvaders.o(i.Init_Explosion) refers to spaceinvaders.o(.bss) for Explosion
    spaceinvaders.o(i.Init_Explosion) refers to spaceinvaders.o(.constdata) for BigExplosion0
    spaceinvaders.o(i.Init_Laser) refers to spaceinvaders.o(.bss) for Laser
    spaceinvaders.o(i.Init_Laser) refers to spaceinvaders.o(.constdata) for Laser0
    spaceinvaders.o(i.Init_Middle) refers to spaceinvaders.o(.bss) for Enemy20
    spaceinvaders.o(i.Init_Middle) refers to spaceinvaders.o(.constdata) for SmallEnemy20PointA
    spaceinvaders.o(i.Init_Missile) refers to spaceinvaders.o(.bss) for Missile
    spaceinvaders.o(i.Init_Missile) refers to spaceinvaders.o(.constdata) for Missile0
    spaceinvaders.o(i.Init_Ship) refers to random.o(.text) for Random
    spaceinvaders.o(i.Init_Ship) refers to spaceinvaders.o(.constdata) for PlayerShip0
    spaceinvaders.o(i.Init_Ship) refers to spaceinvaders.o(.bss) for PlayerShip
    spaceinvaders.o(i.Init_Top) refers to spaceinvaders.o(.bss) for Enemy30
    spaceinvaders.o(i.Init_Top) refers to spaceinvaders.o(.constdata) for SmallEnemy30PointA
    spaceinvaders.o(i.Laser_move) refers to virtualnokia5110.o(i.Nokia5110_PrintBMP) for Nokia5110_PrintBMP
    spaceinvaders.o(i.Laser_move) refers to virtualnokia5110.o(i.Nokia5110_DisplayBuffer) for Nokia5110_DisplayBuffer
    spaceinvaders.o(i.Laser_move) refers to spaceinvaders.o(i.Delay100ms) for Delay100ms
    spaceinvaders.o(i.Laser_move) refers to spaceinvaders.o(i.Draw_Start) for Draw_Start
    spaceinvaders.o(i.Laser_move) refers to spaceinvaders.o(i.check_Laser_hit) for check_Laser_hit
    spaceinvaders.o(i.Laser_move) refers to spaceinvaders.o(.bss) for Laser
    spaceinvaders.o(i.Move) refers to spaceinvaders.o(.bss) for Enemy30
    spaceinvaders.o(i.Play) refers to dac.o(i.DAC_Out) for DAC_Out
    spaceinvaders.o(i.Play) refers to spaceinvaders.o(.data) for musicCount
[...]
    spaceinvaders.o(i.SysTick_Handler) refers to spaceinvaders.o(.data) for ADCdata
    spaceinvaders.o(i.SysTick_Handler) refers to spaceinvaders.o(.bss) for PlayerShip
    spaceinvaders.o(i.Timer0A_Handler) refers to spaceinvaders.o(i.Play) for Play
    spaceinvaders.o(i.Timer0A_Handler) refers to spaceinvaders.o(.data) for Semaphore_sound
    spaceinvaders.o(i.Timer0_Init) refers to spaceinvaders.o(.data) for Semaphore
    spaceinvaders.o(i.Timer2A_Handler) refers to spaceinvaders.o(i.Shoot_Laser) for Shoot_Laser
    spaceinvaders.o(i.Timer2A_Handler) refers to spaceinvaders.o(.data) for TimerCount
    spaceinvaders.o(i.Timer2_Init) refers to spaceinvaders.o(.data) for TimerCount
    spaceinvaders.o(i.check_Enemy) refers to spaceinvaders.o(i.Enemy_Explosion) for Enemy_Explosion
    spaceinvaders.o(i.check_Enemy) refers to spaceinvaders.o(.data) for enemy_index
    spaceinvaders.o(i.check_Enemy) refers to spaceinvaders.o(.bss) for Missile
    spaceinvaders.o(i.check_Enemy) refers to spaceinvaders.o(.constdata) for Missile0
    spaceinvaders.o(i.check_Laser_hit) refers to spaceinvaders.o(i.playership_explosion) for playership_explosion
    spaceinvaders.o(i.check_Laser_hit) refers to spaceinvaders.o(.bss) for PlayerShip
    spaceinvaders.o(i.check_Laser_hit) refers to spaceinvaders.o(.constdata) for PlayerShip0
    spaceinvaders.o(i.check_Laser_hit) refers to spaceinvaders.o(.data) for damege_level
    spaceinvaders.o(i.check_all_enemy) refers to spaceinvaders.o(i.check_Enemy) for check_Enemy
    spaceinvaders.o(i.check_all_enemy) refers to spaceinvaders.o(.bss) for Enemy10
    spaceinvaders.o(i.main) refers to texas.o(i.TExaS_Init) for TExaS_Init
    spaceinvaders.o(i.main) refers to virtualnokia5110.o(i.Nokia5110_Init) for Nokia5110_Init
    spaceinvaders.o(i.main) refers to spaceinvaders.o(i.ADC0_Init) for ADC0_Init
    spaceinvaders.o(i.main) refers to spaceinvaders.o(i.SysTick_Init) for SysTick_Init
    spaceinvaders.o(i.main) refers to spaceinvaders.o(i.Timer2_Init) for Timer2_Init
    spaceinvaders.o(i.main) refers to spaceinvaders.o(i.PortB_Init) for PortB_Init
    spaceinvaders.o(i.main) refers to spaceinvaders.o(i.EdgeCounter_Init) for EdgeCounter_Init
    spaceinvaders.o(i.main) refers to spaceinvaders.o(i.Sound_Init) for Sound_Init
    spaceinvaders.o(i.main) refers to startup.o(.text) for EnableInterrupts
    spaceinvaders.o(i.main) refers to virtualnokia5110.o(i.Nokia5110_ClearBuffer) for Nokia5110_ClearBuffer
    spaceinvaders.o(i.main) refers to virtualnokia5110.o(i.Nokia5110_DisplayBuffer) for Nokia5110_DisplayBuffer
    spaceinvaders.o(i.main) refers to spaceinvaders.o(i.Init_Top) for Init_Top
    spaceinvaders.o(i.main) refers to spaceinvaders.o(i.Init_Middle) for Init_Middle
    spaceinvaders.o(i.main) refers to spaceinvaders.o(i.Init_Bottom) for Init_Bottom
    spaceinvaders.o(i.main) refers to spaceinvaders.o(i.Init_Ship) for Init_Ship
    spaceinvaders.o(i.main) refers to spaceinvaders.o(i.Init_Bunker) for Init_Bunker
    spaceinvaders.o(i.main) refers to spaceinvaders.o(i.Init_Explosion) for Init_Explosion
    spaceinvaders.o(i.main) refers to spaceinvaders.o(i.Init_Missile) for Init_Missile
    spaceinvaders.o(i.main) refers to spaceinvaders.o(i.Init_Laser) for Init_Laser
    spaceinvaders.o(i.main) refers to spaceinvaders.o(i.Draw_Start) for Draw_Start
    spaceinvaders.o(i.main) refers to virtualnokia5110.o(i.Nokia5110_Clear) for Nokia5110_Clear
    spaceinvaders.o(i.main) refers to virtualnokia5110.o(i.Nokia5110_SetCursor) for Nokia5110_SetCursor
    spaceinvaders.o(i.main) refers to virtualnokia5110.o(i.Nokia5110_OutString) for Nokia5110_OutString
    spaceinvaders.o(i.main) refers to virtualnokia5110.o(i.Nokia5110_OutUDec) for Nokia5110_OutUDec
    spaceinvaders.o(i.main) refers to spaceinvaders.o(.data) for Semaphore3
    spaceinvaders.o(i.main) refers to spaceinvaders.o(.bss) for PlayerShip
    spaceinvaders.o(i.playership_explosion) refers to spaceinvaders.o(i.Draw_Start) for Draw_Start
    spaceinvaders.o(i.playership_explosion) refers to virtualnokia5110.o(i.Nokia5110_PrintBMP) for Nokia5110_PrintBMP
    spaceinvaders.o(i.playership_explosion) refers to virtualnokia5110.o(i.Nokia5110_DisplayBuffer) for Nokia5110_DisplayBuffer
    spaceinvaders.o(i.playership_explosion) refers to spaceinvaders.o(i.Delay100ms) for Delay100ms
    spaceinvaders.o(i.playership_explosion) refers to spaceinvaders.o(.bss) for PlayerShip
    texas.o(i.SetCode) refers to texas.o(.bss) for TExaS
    texas.o(i.SetCourse) refers to texas.o(.bss) for TExaS
    texas.o(i.SetMode) refers to texas.o(.bss) for TExaS
    texas.o(i.StartTimer4) refers to texas.o(.data) for ScopeCount
    texas.o(i.TExaS_Init) refers to texas.o(i.PLL_Init) for PLL_Init
    texas.o(i.TExaS_Init) refers to texas.o(i.SetCourse) for SetCourse
    texas.o(i.TExaS_Init) refers to texas.o(i.UART0_Init) for UART0_Init
    texas.o(i.TExaS_Init) refers to texas.o(i.SetCode) for SetCode
    texas.o(i.TExaS_Init) refers to texas.o(i.ADC1_Init) for ADC1_Init
    texas.o(i.TExaS_Init) refers to texas.o(.constdata) for IntroMsg
    texas.o(i.TExaS_Init) refers to texas.o(.bss) for TExaS
    texas.o(i.TExaS_Init) refers to texas.o(.data) for LastMode
    texas.o(i.Timer5A_Handler) refers to texas.o(i.ADC1_In) for ADC1_In
    texas.o(i.Timer5A_Handler) refers to texas.o(.data) for TExaS_Period
    virtualnokia5110.o(i.Nokia5110_Clear) refers to virtualnokia5110.o(i.lcdwrite) for lcdwrite
    virtualnokia5110.o(i.Nokia5110_Clear) refers to virtualnokia5110.o(i.Nokia5110_SetCursor) for Nokia5110_SetCursor
    virtualnokia5110.o(i.Nokia5110_ClearBuffer) refers to virtualnokia5110.o(.bss) for Screen
    virtualnokia5110.o(i.Nokia5110_DisplayBuffer) refers to virtualnokia5110.o(i.Nokia5110_DrawFullImage) for Nokia5110_DrawFullImage
    virtualnokia5110.o(i.Nokia5110_DisplayBuffer) refers to virtualnokia5110.o(.bss) for Screen
    virtualnokia5110.o(i.Nokia5110_DrawFullImage) refers to virtualnokia5110.o(i.Nokia5110_SetCursor) for Nokia5110_SetCursor
    virtualnokia5110.o(i.Nokia5110_DrawFullImage) refers to virtualnokia5110.o(i.lcdwrite) for lcdwrite
    virtualnokia5110.o(i.Nokia5110_Init) refers to virtualnokia5110.o(i.lcdwrite) for lcdwrite
    virtualnokia5110.o(i.Nokia5110_OutChar) refers to virtualnokia5110.o(i.lcdwrite) for lcdwrite
    virtualnokia5110.o(i.Nokia5110_OutChar) refers to virtualnokia5110.o(.constdata) for ASCII
    virtualnokia5110.o(i.Nokia5110_OutString) refers to virtualnokia5110.o(i.Nokia5110_OutChar) for Nokia5110_OutChar
    virtualnokia5110.o(i.Nokia5110_OutUDec) refers to virtualnokia5110.o(i.Nokia5110_OutString) for Nokia5110_OutString
    virtualnokia5110.o(i.Nokia5110_OutUDec) refers to virtualnokia5110.o(i.Nokia5110_OutChar) for Nokia5110_OutChar
    virtualnokia5110.o(i.Nokia5110_PrintBMP) refers to virtualnokia5110.o(.bss) for Screen
    virtualnokia5110.o(i.Nokia5110_SetCursor) refers to virtualnokia5110.o(i.lcdwrite) for lcdwrite
    __main.o(!!!main) refers to rtentry.o(.ARM.Collect$$rtentry$$00000000) for __rt_entry
    dfixu.o(x$fpl$dfixu) refers (Special) to usenofp.o(x$fpl$usenofp) for __I$use$fp
    dfixu.o(x$fpl$dfixu) refers to dnaninf.o(x$fpl$dnaninf) for __fpl_dnaninf
    dfixu.o(x$fpl$dfixur) refers (Special) to usenofp.o(x$fpl$usenofp) for __I$use$fp
    dfixu.o(x$fpl$dfixur) refers to dnaninf.o(x$fpl$dnaninf) for __fpl_dnaninf
    dflt_clz.o(x$fpl$dfltu) refers (Special) to usenofp.o(x$fpl$usenofp) for __I$use$fp
    dflt_clz.o(x$fpl$dflt) refers (Special) to usenofp.o(x$fpl$usenofp) for __I$use$fp
    dflt_clz.o(x$fpl$dfltn) refers (Special) to usenofp.o(x$fpl$usenofp) for __I$use$fp
    dmul.o(x$fpl$dmul) refers (Special) to usenofp.o(x$fpl$usenofp) for __I$use$fp
    dmul.o(x$fpl$dmul) refers to dretinf.o(x$fpl$dretinf) for __fpl_dretinf
    dmul.o(x$fpl$dmul) refers to dnaninf.o(x$fpl$dnaninf) for __fpl_dnaninf
    rtentry.o(.ARM.Collect$$rtentry$$00000000) refers (Special) to rtentry2.o(.ARM.Collect$$rtentry$$0000000A) for __rt_entry_li
    rtentry.o(.ARM.Collect$$rtentry$$00000000) refers (Special) to rtentry2.o(.ARM.Collect$$rtentry$$0000000D) for __rt_entry_main
    rtentry.o(.ARM.Collect$$rtentry$$00000000) refers (Special) to rtentry2.o(.ARM.Collect$$rtentry$$0000000C) for __rt_entry_postli_1
    rtentry.o(.ARM.Collect$$rtentry$$00000000) refers (Special) to rtentry2.o(.ARM.Collect$$rtentry$$00000009) for __rt_entry_postsh_1
    rtentry.o(.ARM.Collect$$rtentry$$00000000) refers (Special) to rtentry2.o(.ARM.Collect$$rtentry$$00000002) for __rt_entry_presh_1
    rtentry.o(.ARM.Collect$$rtentry$$00000000) refers (Special) to rtentry4.o(.ARM.Collect$$rtentry$$00000004) for __rt_entry_sh
    dnaninf.o(x$fpl$dnaninf) refers (Special) to usenofp.o(x$fpl$usenofp) for __I$use$fp
    dretinf.o(x$fpl$dretinf) refers (Special) to usenofp.o(x$fpl$usenofp) for __I$use$fp
    rtentry2.o(.ARM.Collect$$rtentry$$00000008) refers to boardinit2.o(.text) for _platform_post_stackheap_init
    rtentry2.o(.ARM.Collect$$rtentry$$0000000A) refers to libinit.o(.ARM.Collect$$libinit$$00000000) for __rt_lib_init
    rtentry2.o(.ARM.Collect$$rtentry$$0000000B) refers to boardinit3.o(.text) for _platform_post_lib_init
    rtentry2.o(.ARM.Collect$$rtentry$$0000000D) refers to spaceinvaders.o(i.main) for main
    rtentry2.o(.ARM.Collect$$rtentry$$0000000D) refers to exit.o(.text) for exit
    rtentry2.o(.ARM.exidx) refers to rtentry2.o(.ARM.Collect$$rtentry$$00000001) for .ARM.Collect$$rtentry$$00000001
    rtentry2.o(.ARM.exidx) refers to rtentry2.o(.ARM.Collect$$rtentry$$00000008) for .ARM.Collect$$rtentry$$00000008
    rtentry2.o(.ARM.exidx) refers to rtentry2.o(.ARM.Collect$$rtentry$$0000000A) for .ARM.Collect$$rtentry$$0000000A
    rtentry2.o(.ARM.exidx) refers to rtentry2.o(.ARM.Collect$$rtentry$$0000000B) for .ARM.Collect$$rtentry$$0000000B
    rtentry2.o(.ARM.exidx) refers to rtentry2.o(.ARM.Collect$$rtentry$$0000000D) for .ARM.Collect$$rtentry$$0000000D
    rtentry4.o(.ARM.Collect$$rtentry$$00000004) refers to sys_stackheap_outer.o(.text) for __user_setup_stackheap
    rtentry4.o(.ARM.exidx) refers to rtentry4.o(.ARM.Collect$$rtentry$$00000004) for .ARM.Collect$$rtentry$$00000004
    sys_stackheap_outer.o(.text) refers to libspace.o(.text) for __user_perproc_libspace
    sys_stackheap_outer.o(.text) refers to startup.o(.text) for __user_initial_stackheap
    exit.o(.text) refers to rtexit.o(.ARM.Collect$$rtexit$$00000000) for __rt_exit
    libinit.o(.ARM.Collect$$libinit$$00000000) refers (Special) to libinit2.o(.ARM.Collect$$libinit$$0000002C) for __rt_lib_init_alloca_1
    libinit.o(.ARM.Collect$$libinit$$00000000) refers (Special) to libinit2.o(.ARM.Collect$$libinit$$0000002A) for __rt_lib_init_argv_1
    libinit.o(.ARM.Collect$$libinit$$00000000) refers (Special) to libinit2.o(.ARM.Collect$$libinit$$00000019) for __rt_lib_init_atexit_1
    libinit.o(.ARM.Collect$$libinit$$00000000) refers (Special) to libinit2.o(.ARM.Collect$$libinit$$0000001F) for __rt_lib_init_clock_1
    libinit.o(.ARM.Collect$$libinit$$00000000) refers (Special) to libinit2.o(.ARM.Collect$$libinit$$00000030) for __rt_lib_init_cpp_1
    libinit.o(.ARM.Collect$$libinit$$00000000) refers (Special) to libinit2.o(.ARM.Collect$$libinit$$0000002E) for __rt_lib_init_exceptions_1
    libinit.o(.ARM.Collect$$libinit$$00000000) refers (Special) to libinit2.o(.ARM.Collect$$libinit$$00000002) for __rt_lib_init_fp_1
    libinit.o(.ARM.Collect$$libinit$$00000000) refers (Special) to libinit2.o(.ARM.Collect$$libinit$$0000001D) for __rt_lib_init_fp_trap_1
    libinit.o(.ARM.Collect$$libinit$$00000000) refers (Special) to libinit2.o(.ARM.Collect$$libinit$$00000021) for __rt_lib_init_getenv_1
    libinit.o(.ARM.Collect$$libinit$$00000000) refers (Special) to libinit2.o(.ARM.Collect$$libinit$$00000008) for __rt_lib_init_heap_1
    libinit.o(.ARM.Collect$$libinit$$00000000) refers (Special) to libinit2.o(.ARM.Collect$$libinit$$0000000F) for __rt_lib_init_lc_collate_1
    libinit.o(.ARM.Collect$$libinit$$00000000) refers (Special) to libinit2.o(.ARM.Collect$$libinit$$00000011) for __rt_lib_init_lc_ctype_1
    libinit.o(.ARM.Collect$$libinit$$00000000) refers (Special) to libinit2.o(.ARM.Collect$$libinit$$00000013) for __rt_lib_init_lc_monetary_1
    libinit.o(.ARM.Collect$$libinit$$00000000) refers (Special) to libinit2.o(.ARM.Collect$$libinit$$00000015) for __rt_lib_init_lc_numeric_1
    libinit.o(.ARM.Collect$$libinit$$00000000) refers (Special) to libinit2.o(.ARM.Collect$$libinit$$00000017) for __rt_lib_init_lc_time_1
    libinit.o(.ARM.Collect$$libinit$$00000000) refers (Special) to libinit2.o(.ARM.Collect$$libinit$$0000000C) for __rt_lib_init_rand_1
    libinit.o(.ARM.Collect$$libinit$$00000000) refers (Special) to libinit2.o(.ARM.Collect$$libinit$$00000031) for __rt_lib_init_return
    libinit.o(.ARM.Collect$$libinit$$00000000) refers (Special) to libinit2.o(.ARM.Collect$$libinit$$0000001B) for __rt_lib_init_signal_1
    libinit.o(.ARM.Collect$$libinit$$00000000) refers (Special) to libinit2.o(.ARM.Collect$$libinit$$00000023) for __rt_lib_init_stdio_1
    libinit.o(.ARM.Collect$$libinit$$00000000) refers (Special) to libinit2.o(.ARM.Collect$$libinit$$0000000A) for __rt_lib_init_user_alloc_1
    libspace.o(.text) refers to libspace.o(.bss) for __libspace_start
    rtexit.o(.ARM.Collect$$rtexit$$00000000) refers (Special) to rtexit2.o(.ARM.Collect$$rtexit$$00000004) for __rt_exit_exit
    rtexit.o(.ARM.Collect$$rtexit$$00000000) refers (Special) to rtexit2.o(.ARM.Collect$$rtexit$$00000003) for __rt_exit_ls
    rtexit.o(.ARM.Collect$$rtexit$$00000000) refers (Special) to rtexit2.o(.ARM.Collect$$rtexit$$00000002) for __rt_exit_prels_1
    rtexit.o(.ARM.exidx) refers (Special) to rtexit2.o(.ARM.Collect$$rtexit$$00000004) for __rt_exit_exit
    rtexit.o(.ARM.exidx) refers (Special) to rtexit2.o(.ARM.Collect$$rtexit$$00000003) for __rt_exit_ls
    rtexit.o(.ARM.exidx) refers (Special) to rtexit2.o(.ARM.Collect$$rtexit$$00000002) for __rt_exit_prels_1
    rtexit.o(.ARM.exidx) refers to rtexit.o(.ARM.Collect$$rtexit$$00000000) for .ARM.Collect$$rtexit$$00000000
    libinit2.o(.ARM.Collect$$libinit$$0000000E) refers to libinit2.o(.ARM.Collect$$libinit$$0000000D) for .ARM.Collect$$libinit$$0000000D
    libinit2.o(.ARM.Collect$$libinit$$00000010) refers to libinit2.o(.ARM.Collect$$libinit$$0000000D) for .ARM.Collect$$libinit$$0000000D
    libinit2.o(.ARM.Collect$$libinit$$00000012) refers to libinit2.o(.ARM.Collect$$libinit$$0000000D) for .ARM.Collect$$libinit$$0000000D
    libinit2.o(.ARM.Collect$$libinit$$00000014) refers to libinit2.o(.ARM.Collect$$libinit$$0000000D) for .ARM.Collect$$libinit$$0000000D
    libinit2.o(.ARM.Collect$$libinit$$00000016) refers to libinit2.o(.ARM.Collect$$libinit$$0000000D) for .ARM.Collect$$libinit$$0000000D
    libinit2.o(.ARM.Collect$$libinit$$00000024) refers to argv_veneer.o(.emb_text) for __ARM_argv_veneer
    libinit2.o(.ARM.Collect$$libinit$$00000025) refers to argv_veneer.o(.emb_text) for __ARM_argv_veneer
    rtexit2.o(.ARM.Collect$$rtexit$$00000003) refers to libshutdown.o(.ARM.Collect$$libshutdown$$00000000) for __rt_lib_shutdown
    rtexit2.o(.ARM.Collect$$rtexit$$00000004) refers to sys_exit.o(.text) for _sys_exit
    rtexit2.o(.ARM.exidx) refers to rtexit2.o(.ARM.Collect$$rtexit$$00000001) for .ARM.Collect$$rtexit$$00000001
    rtexit2.o(.ARM.exidx) refers to rtexit2.o(.ARM.Collect$$rtexit$$00000003) for .ARM.Collect$$rtexit$$00000003
    rtexit2.o(.ARM.exidx) refers to rtexit2.o(.ARM.Collect$$rtexit$$00000004) for .ARM.Collect$$rtexit$$00000004
    argv_veneer.o(.emb_text) refers to no_argv.o(.text) for __ARM_get_argv
    sys_exit.o(.text) refers (Special) to use_no_semi.o(.text) for __I$use$semihosting
    sys_exit.o(.text) refers (Special) to indicate_semi.o(.text) for __semihosting_library_function
    _get_argv_nomalloc.o(.text) refers (Special) to hrguard.o(.text) for __heap_region$guard
    _get_argv_nomalloc.o(.text) refers to defsig_rtmem_outer.o(.text) for __rt_SIGRTMEM
    _get_argv_nomalloc.o(.text) refers to sys_command.o(.text) for _sys_command_string
    libshutdown.o(.ARM.Collect$$libshutdown$$00000000) refers (Special) to libshutdown2.o(.ARM.Collect$$libshutdown$$00000006) for __rt_lib_shutdown_fp_trap_1
    libshutdown.o(.ARM.Collect$$libshutdown$$00000000) refers (Special) to libshutdown2.o(.ARM.Collect$$libshutdown$$0000000E) for __rt_lib_shutdown_heap_1
    libshutdown.o(.ARM.Collect$$libshutdown$$00000000) refers (Special) to libshutdown2.o(.ARM.Collect$$libshutdown$$0000000F) for __rt_lib_shutdown_return
    libshutdown.o(.ARM.Collect$$libshutdown$$00000000) refers (Special) to libshutdown2.o(.ARM.Collect$$libshutdown$$00000009) for __rt_lib_shutdown_signal_1
    libshutdown.o(.ARM.Collect$$libshutdown$$00000000) refers (Special) to libshutdown2.o(.ARM.Collect$$libshutdown$$00000003) for __rt_lib_shutdown_stdio_1
    libshutdown.o(.ARM.Collect$$libshutdown$$00000000) refers (Special) to libshutdown2.o(.ARM.Collect$$libshutdown$$0000000B) for __rt_lib_shutdown_user_alloc_1
    sys_command.o(.text) refers (Special) to use_no_semi.o(.text) for __I$use$semihosting
    sys_command.o(.text) refers (Special) to indicate_semi.o(.text) for __semihosting_library_function
    defsig_rtmem_outer.o(.text) refers to defsig_rtmem_inner.o(.text) for __rt_SIGRTMEM_inner
    defsig_rtmem_outer.o(.text) refers to defsig_exit.o(.text) for __sig_exit
    defsig_rtmem_formal.o(.text) refers to rt_raise.o(.text) for __rt_raise
    rt_raise.o(.text) refers to __raise.o(.text) for __raise
    rt_raise.o(.text) refers to sys_exit.o(.text) for _sys_exit
    defsig_exit.o(.text) refers to sys_exit.o(.text) for _sys_exit
    defsig_rtmem_inner.o(.text) refers to defsig_general.o(.text) for __default_signal_display
    __raise.o(.text) refers to defsig.o(CL$$defsig) for __default_signal_handler
    defsig_general.o(.text) refers to sys_wrch.o(.text) for _ttywrch
    sys_wrch.o(.text) refers (Special) to use_no_semi.o(.text) for __I$use$semihosting
    sys_wrch.o(.text) refers (Special) to indicate_semi.o(.text) for __semihosting_library_function
    defsig.o(CL$$defsig) refers to defsig_rtmem_inner.o(.text) for __rt_SIGRTMEM_inner
    defsig_abrt_inner.o(.text) refers to defsig_general.o(.text) for __default_signal_display
    defsig_fpe_inner.o(.text) refers to defsig_general.o(.text) for __default_signal_display
    defsig_rtred_inner.o(.text) refers to defsig_general.o(.text) for __default_signal_display
    defsig_stak_inner.o(.text) refers to defsig_general.o(.text) for __default_signal_display
    defsig_pvfn_inner.o(.text) refers to defsig_general.o(.text) for __default_signal_display
    defsig_cppl_inner.o(.text) refers to defsig_general.o(.text) for __default_signal_display
    defsig_segv_inner.o(.text) refers to defsig_general.o(.text) for __default_signal_display
    defsig_other.o(.text) refers to defsig_general.o(.text) for __default_signal_display


==============================================================================

Removing Unused input sections from the image.

    Removing spaceinvaders.o(i.Move), (172 bytes).
    Removing spaceinvaders.o(i.PortE_Init), (108 bytes).
    Removing spaceinvaders.o(i.Sound_Explosion), (20 bytes).
    Removing spaceinvaders.o(i.Sound_Fastinvader1), (20 bytes).
    Removing spaceinvaders.o(i.Sound_Fastinvader2), (20 bytes).
    Removing spaceinvaders.o(i.Sound_Fastinvader3), (20 bytes).
    Removing spaceinvaders.o(i.Sound_Fastinvader4), (20 bytes).
    Removing spaceinvaders.o(i.Sound_Highpitch), (20 bytes).
    Removing spaceinvaders.o(i.Sound_Killed), (20 bytes).
    Removing texas.o(i.SetMode), (24 bytes).
    Removing texas.o(i.StartTimer4), (36 bytes).
    Removing texas.o(i.StopTimer4), (24 bytes).
    Removing texas.o(i.TExaS_Stop), (28 bytes).
    Removing texas.o(i.UART0_InChar), (24 bytes).
    Removing texas.o(i.UART0_InCharNonBlocking), (28 bytes).
    Removing texas.o(i.UART0_OutChar), (24 bytes).
    Removing texas.o(i.UART0_OutCharNonBlock), (12 bytes).
    Removing texas.o(i.copy), (18 bytes).

18 unused section(s) (total 638 bytes) removed from the image.

==============================================================================

Image Symbol Table

    Local Symbols

    Symbol Name                              Value     Ov Type        Size  Object(Section)

    RESET                                    0x00000000   Section      644  startup.o(RESET)
    ../clib/angel/boardlib.s                 0x00000000   Number         0  boardinit3.o ABSOLUTE
    ../clib/angel/boardlib.s                 0x00000000   Number         0  boardshut.o ABSOLUTE
    ../clib/angel/boardlib.s                 0x00000000   Number         0  boardinit2.o ABSOLUTE
    ../clib/angel/boardlib.s                 0x00000000   Number         0  boardinit1.o ABSOLUTE
    ../clib/angel/handlers.s                 0x00000000   Number         0  __scatter_zi.o ABSOLUTE
    ../clib/angel/handlers.s                 0x00000000   Number         0  __scatter_copy.o ABSOLUTE
    ../clib/angel/kernel.s                   0x00000000   Number         0  rtentry2.o ABSOLUTE
    ../clib/angel/kernel.s                   0x00000000   Number         0  rtentry.o ABSOLUTE
    ../clib/angel/kernel.s                   0x00000000   Number         0  rtexit2.o ABSOLUTE
    ../clib/angel/kernel.s                   0x00000000   Number         0  rtentry4.o ABSOLUTE
    ../clib/angel/kernel.s                   0x00000000   Number         0  rtexit.o ABSOLUTE
    ../clib/angel/rt.s                       0x00000000   Number         0  rt_raise.o ABSOLUTE
    ../clib/angel/scatter.s                  0x00000000   Number         0  __scatter.o ABSOLUTE
    ../clib/angel/startup.s                  0x00000000   Number         0  __main.o ABSOLUTE
    ../clib/angel/sys.s                      0x00000000   Number         0  indicate_semi.o ABSOLUTE
    ../clib/angel/sys.s                      0x00000000   Number         0  use_no_semi.o ABSOLUTE
    ../clib/angel/sys.s                      0x00000000   Number         0  sys_stackheap_outer.o ABSOLUTE
    ../clib/angel/sys.s                      0x00000000   Number         0  libspace.o ABSOLUTE
    ../clib/angel/sysapp.c                   0x00000000   Number         0  sys_command.o ABSOLUTE
    ../clib/angel/sysapp.c                   0x00000000   Number         0  sys_wrch.o ABSOLUTE
    ../clib/angel/sysapp.c                   0x00000000   Number         0  sys_exit.o ABSOLUTE
    ../clib/armsys.c                         0x00000000   Number         0  argv_veneer.o ABSOLUTE
    ../clib/armsys.c                         0x00000000   Number         0  no_argv.o ABSOLUTE
    ../clib/armsys.c                         0x00000000   Number         0  _get_argv_nomalloc.o ABSOLUTE
    ../clib/armsys.c                         0x00000000   Number         0  argv_veneer.o ABSOLUTE
    ../clib/heapalloc.c                      0x00000000   Number         0  hrguard.o ABSOLUTE
    ../clib/heapaux.c                        0x00000000   Number         0  heapauxi.o ABSOLUTE
    ../clib/libinit.s                        0x00000000   Number         0  libinit2.o ABSOLUTE
    ../clib/libinit.s                        0x00000000   Number         0  libshutdown.o ABSOLUTE
    ../clib/libinit.s                        0x00000000   Number         0  libshutdown2.o ABSOLUTE
    ../clib/libinit.s                        0x00000000   Number         0  libinit.o ABSOLUTE
    ../clib/memcpset.s                       0x00000000   Number         0  rt_memcpy_w.o ABSOLUTE
    ../clib/signal.c                         0x00000000   Number         0  __raise.o ABSOLUTE
    ../clib/signal.c                         0x00000000   Number         0  defsig_rtmem_formal.o ABSOLUTE
    ../clib/signal.c                         0x00000000   Number         0  defsig_rtmem_outer.o ABSOLUTE
    ../clib/signal.c                         0x00000000   Number         0  defsig_general.o ABSOLUTE
    ../clib/signal.c                         0x00000000   Number         0  defsig_other.o ABSOLUTE
    ../clib/signal.c                         0x00000000   Number         0  defsig_segv_inner.o ABSOLUTE
    ../clib/signal.c                         0x00000000   Number         0  defsig_cppl_inner.o ABSOLUTE
    ../clib/signal.c                         0x00000000   Number         0  defsig_pvfn_inner.o ABSOLUTE
    ../clib/signal.c                         0x00000000   Number         0  defsig_stak_inner.o ABSOLUTE
    ../clib/signal.c                         0x00000000   Number         0  defsig_rtred_inner.o ABSOLUTE
    ../clib/signal.c                         0x00000000   Number         0  defsig_fpe_inner.o ABSOLUTE
    ../clib/signal.c                         0x00000000   Number         0  defsig_abrt_inner.o ABSOLUTE
    ../clib/signal.c                         0x00000000   Number         0  defsig_rtmem_inner.o ABSOLUTE
    ../clib/signal.c                         0x00000000   Number         0  defsig_exit.o ABSOLUTE
    ../clib/signal.s                         0x00000000   Number         0  defsig.o ABSOLUTE
    ../clib/stdlib.c                         0x00000000   Number         0  exit.o ABSOLUTE
    ../fplib/dfixu.s                         0x00000000   Number         0  dfixu.o ABSOLUTE
    ../fplib/dflt.s                          0x00000000   Number         0  dflt_clz.o ABSOLUTE
    ../fplib/dmul.s                          0x00000000   Number         0  dmul.o ABSOLUTE
    ../fplib/dnaninf.s                       0x00000000   Number         0  dnaninf.o ABSOLUTE
    ../fplib/dretinf.s                       0x00000000   Number         0  dretinf.o ABSOLUTE
    ../fplib/fpinit.s                        0x00000000   Number         0  fpinit.o ABSOLUTE
    ../fplib/usenofp.s                       0x00000000   Number         0  usenofp.o ABSOLUTE
    DAC.c                                    0x00000000   Number         0  dac.o ABSOLUTE
    SpaceInvaders.c                          0x00000000   Number         0  spaceinvaders.o ABSOLUTE
    TExaS.c                                  0x00000000   Number         0  texas.o ABSOLUTE
    VirtualNokia5110.c                       0x00000000   Number         0  virtualnokia5110.o ABSOLUTE
    dc.s                                     0x00000000   Number         0  dc.o ABSOLUTE
    random.s                                 0x00000000   Number         0  random.o ABSOLUTE
    startup.s                                0x00000000   Number         0  startup.o ABSOLUTE
    !!!main                                  0x00000284   Section        8  __main.o(!!!main)
    !!!scatter                               0x0000028c   Section       52  __scatter.o(!!!scatter)
    !!handler_copy                           0x000002c0   Section       26  __scatter_copy.o(!!handler_copy)
    !!handler_zi                             0x000002dc   Section       28  __scatter_zi.o(!!handler_zi)
    .ARM.Collect$$libinit$$00000000          0x000002f8   Section        2  libinit.o(.ARM.Collect$$libinit$$00000000)
    .ARM.Collect$$libinit$$00000002          0x000002fa   Section        0  libinit2.o(.ARM.Collect$$libinit$$00000002)
    .ARM.Collect$$libinit$$00000008          0x000002fa   Section        0  libinit2.o(.ARM.Collect$$libinit$$00000008)
    .ARM.Collect$$libinit$$0000000A          0x000002fa   Section        0  libinit2.o(.ARM.Collect$$libinit$$0000000A)
    .ARM.Collect$$libinit$$0000000C          0x000002fa   Section        0  libinit2.o(.ARM.Collect$$libinit$$0000000C)
    .ARM.Collect$$libinit$$0000000F          0x000002fa   Section        0  libinit2.o(.ARM.Collect$$libinit$$0000000F)
    .ARM.Collect$$libinit$$00000011          0x000002fa   Section        0  libinit2.o(.ARM.Collect$$libinit$$00000011)
    .ARM.Collect$$libinit$$00000013          0x000002fa   Section        0  libinit2.o(.ARM.Collect$$libinit$$00000013)
    .ARM.Collect$$libinit$$00000015          0x000002fa   Section        0  libinit2.o(.ARM.Collect$$libinit$$00000015)
    .ARM.Collect$$libinit$$00000017          0x000002fa   Section        0  libinit2.o(.ARM.Collect$$libinit$$00000017)
    .ARM.Collect$$libinit$$00000019          0x000002fa   Section        0  libinit2.o(.ARM.Collect$$libinit$$00000019)
    .ARM.Collect$$libinit$$0000001B          0x000002fa   Section        0  libinit2.o(.ARM.Collect$$libinit$$0000001B)
    .ARM.Collect$$libinit$$0000001D          0x000002fa   Section        0  libinit2.o(.ARM.Collect$$libinit$$0000001D)
    .ARM.Collect$$libinit$$0000001F          0x000002fa   Section        0  libinit2.o(.ARM.Collect$$libinit$$0000001F)
    .ARM.Collect$$libinit$$00000021          0x000002fa   Section        0  libinit2.o(.ARM.Collect$$libinit$$00000021)
    .ARM.Collect$$libinit$$00000023          0x000002fa   Section        0  libinit2.o(.ARM.Collect$$libinit$$00000023)
    .ARM.Collect$$libinit$$0000002A          0x000002fa   Section        0  libinit2.o(.ARM.Collect$$libinit$$0000002A)
    .ARM.Collect$$libinit$$0000002C          0x000002fa   Section        0  libinit2.o(.ARM.Collect$$libinit$$0000002C)
    .ARM.Collect$$libinit$$0000002E          0x000002fa   Section        0  libinit2.o(.ARM.Collect$$libinit$$0000002E)
    .ARM.Collect$$libinit$$00000030          0x000002fa   Section        0  libinit2.o(.ARM.Collect$$libinit$$00000030)
    .ARM.Collect$$libinit$$00000031          0x000002fa   Section        2  libinit2.o(.ARM.Collect$$libinit$$00000031)
    .ARM.Collect$$libshutdown$$00000000      0x000002fc   Section        2  libshutdown.o(.ARM.Collect$$libshutdown$$00000000)
    .ARM.Collect$$libshutdown$$00000003      0x000002fe   Section        0  libshutdown2.o(.ARM.Collect$$libshutdown$$00000003)
    .ARM.Collect$$libshutdown$$00000006      0x000002fe   Section        0  libshutdown2.o(.ARM.Collect$$libshutdown$$00000006)
    .ARM.Collect$$libshutdown$$00000009      0x000002fe   Section        0  libshutdown2.o(.ARM.Collect$$libshutdown$$00000009)
    .ARM.Collect$$libshutdown$$0000000B      0x000002fe   Section        0  libshutdown2.o(.ARM.Collect$$libshutdown$$0000000B)
    .ARM.Collect$$libshutdown$$0000000E      0x000002fe   Section        0  libshutdown2.o(.ARM.Collect$$libshutdown$$0000000E)
    .ARM.Collect$$libshutdown$$0000000F      0x000002fe   Section        2  libshutdown2.o(.ARM.Collect$$libshutdown$$0000000F)
    .ARM.Collect$$rtentry$$00000000          0x00000300   Section        0  rtentry.o(.ARM.Collect$$rtentry$$00000000)
    .ARM.Collect$$rtentry$$00000002          0x00000300   Section        0  rtentry2.o(.ARM.Collect$$rtentry$$00000002)
    .ARM.Collect$$rtentry$$00000004          0x00000300   Section        6  rtentry4.o(.ARM.Collect$$rtentry$$00000004)
    .ARM.Collect$$rtentry$$00000009          0x00000306   Section        0  rtentry2.o(.ARM.Collect$$rtentry$$00000009)
    .ARM.Collect$$rtentry$$0000000A          0x00000306   Section        4  rtentry2.o(.ARM.Collect$$rtentry$$0000000A)
    .ARM.Collect$$rtentry$$0000000C          0x0000030a   Section        0  rtentry2.o(.ARM.Collect$$rtentry$$0000000C)
    .ARM.Collect$$rtentry$$0000000D          0x0000030a   Section        8  rtentry2.o(.ARM.Collect$$rtentry$$0000000D)
    .ARM.Collect$$rtexit$$00000000           0x00000312   Section        2  rtexit.o(.ARM.Collect$$rtexit$$00000000)
    .ARM.Collect$$rtexit$$00000002           0x00000314   Section        0  rtexit2.o(.ARM.Collect$$rtexit$$00000002)
    .ARM.Collect$$rtexit$$00000003           0x00000314   Section        4  rtexit2.o(.ARM.Collect$$rtexit$$00000003)
    .ARM.Collect$$rtexit$$00000004           0x00000318   Section        6  rtexit2.o(.ARM.Collect$$rtexit$$00000004)
    .text                                    0x00000320   Section       48  startup.o(.text)
    .text                                    0x00000350   Section       40  random.o(.text)
    .text                                    0x00000378   Section      100  rt_memcpy_w.o(.text)
    .text                                    0x000003dc   Section        0  heapauxi.o(.text)
    .text                                    0x000003e2   Section       74  sys_stackheap_outer.o(.text)
    .text                                    0x0000042c   Section        0  exit.o(.text)
    .text                                    0x00000438   Section        8  libspace.o(.text)
    .text                                    0x00000440   Section        0  sys_exit.o(.text)
    .text                                    0x0000044c   Section        2  use_no_semi.o(.text)
    .text                                    0x0000044e   Section        0  indicate_semi.o(.text)
    i.ADC0_In                                0x00000450   Section        0  spaceinvaders.o(i.ADC0_In)
    i.ADC0_Init                              0x0000047c   Section        0  spaceinvaders.o(i.ADC0_Init)
    i.ADC1_In                                0x00000558   Section        0  texas.o(i.ADC1_In)
    i.ADC1_Init                              0x00000564   Section        0  texas.o(i.ADC1_Init)
    i.DAC_Init                               0x00000638   Section        0  dac.o(i.DAC_Init)
    i.DAC_Out                                0x000006b8   Section        0  dac.o(i.DAC_Out)
    i.Delay100ms                             0x000006c4   Section        0  spaceinvaders.o(i.Delay100ms)
    i.Draw_Start                             0x000006e8   Section        0  spaceinvaders.o(i.Draw_Start)
    i.EdgeCounter_Init                       0x00000824   Section        0  spaceinvaders.o(i.EdgeCounter_Init)
    i.Enemy_Explosion                        0x00000908   Section        0  spaceinvaders.o(i.Enemy_Explosion)
    i.GPIOPortE_Handler                      0x00000a68   Section        0  spaceinvaders.o(i.GPIOPortE_Handler)
    i.Init_Bottom                            0x00000ae8   Section        0  spaceinvaders.o(i.Init_Bottom)
    i.Init_Bunker                            0x00000b58   Section        0  spaceinvaders.o(i.Init_Bunker)
    i.Init_Explosion                         0x00000b94   Section        0  spaceinvaders.o(i.Init_Explosion)
    i.Init_Laser                             0x00000bc4   Section        0  spaceinvaders.o(i.Init_Laser)
    i.Init_Middle                            0x00000be8   Section        0  spaceinvaders.o(i.Init_Middle)
    i.Init_Missile                           0x00000c58   Section        0  spaceinvaders.o(i.Init_Missile)
    i.Init_Ship                              0x00000c80   Section        0  spaceinvaders.o(i.Init_Ship)
    i.Init_Top                               0x00000cb4   Section        0  spaceinvaders.o(i.Init_Top)
    i.Laser_move                             0x00000d10   Section        0  spaceinvaders.o(i.Laser_move)
    i.Nokia5110_Clear                        0x00000d50   Section        0  virtualnokia5110.o(i.Nokia5110_Clear)
    i.Nokia5110_ClearBuffer                  0x00000d70   Section        0  virtualnokia5110.o(i.Nokia5110_ClearBuffer)
    i.Nokia5110_DisplayBuffer                0x00000d88   Section        0  virtualnokia5110.o(i.Nokia5110_DisplayBuffer)
    i.Nokia5110_DrawFullImage                0x00000d98   Section        0  virtualnokia5110.o(i.Nokia5110_DrawFullImage)
    i.Nokia5110_Init                         0x00000dbc   Section        0  virtualnokia5110.o(i.Nokia5110_Init)
    i.Nokia5110_OutChar                      0x00000f28   Section        0  virtualnokia5110.o(i.Nokia5110_OutChar)
    i.Nokia5110_OutString                    0x00000f60   Section        0  virtualnokia5110.o(i.Nokia5110_OutString)
    i.Nokia5110_OutUDec                      0x00000f78   Section        0  virtualnokia5110.o(i.Nokia5110_OutUDec)
    i.Nokia5110_PrintBMP                     0x00001114   Section        0  virtualnokia5110.o(i.Nokia5110_PrintBMP)
    i.Nokia5110_SetCursor                    0x000012bc   Section        0  virtualnokia5110.o(i.Nokia5110_SetCursor)
    i.PLL_Init                               0x000012ec   Section        0  texas.o(i.PLL_Init)
    i.Play                                   0x00001368   Section        0  spaceinvaders.o(i.Play)
    i.PortB_Init                             0x000013b4   Section        0  spaceinvaders.o(i.PortB_Init)
    i.SetCode                                0x00001424   Section        0  texas.o(i.SetCode)
    i.SetCourse                              0x0000143c   Section        0  texas.o(i.SetCourse)
    i.Shoot_Laser                            0x00001454   Section        0  spaceinvaders.o(i.Shoot_Laser)
    i.Shoot_Missile                          0x00001530   Section        0  spaceinvaders.o(i.Shoot_Missile)
    i.Sound_Init                             0x000015a8   Section        0  spaceinvaders.o(i.Sound_Init)
    i.Sound_Play                             0x000015b8   Section        0  spaceinvaders.o(i.Sound_Play)
    i.Sound_Shoot                            0x000015e0   Section        0  spaceinvaders.o(i.Sound_Shoot)
    i.SysTick_Handler                        0x000015f4   Section        0  spaceinvaders.o(i.SysTick_Handler)
    i.SysTick_Init                           0x0000163c   Section        0  spaceinvaders.o(i.SysTick_Init)
    i.TExaS_Init                             0x00001670   Section        0  texas.o(i.TExaS_Init)
    i.Timer0A_Handler                        0x00001834   Section        0  spaceinvaders.o(i.Timer0A_Handler)
    i.Timer0_Init                            0x00001850   Section        0  spaceinvaders.o(i.Timer0_Init)
    i.Timer2A_Handler                        0x000018b4   Section        0  spaceinvaders.o(i.Timer2A_Handler)
    i.Timer2_Init                            0x000018e0   Section        0  spaceinvaders.o(i.Timer2_Init)
    i.Timer4A_Handler                        0x00001950   Section        0  texas.o(i.Timer4A_Handler)
    i.Timer5A_Handler                        0x00001970   Section        0  texas.o(i.Timer5A_Handler)
    i.UART0_Init                             0x000019a0   Section        0  texas.o(i.UART0_Init)
    i.check_Enemy                            0x00001a60   Section        0  spaceinvaders.o(i.check_Enemy)
    i.check_Laser_hit                        0x00001b18   Section        0  spaceinvaders.o(i.check_Laser_hit)
    i.check_all_enemy                        0x00001c48   Section        0  spaceinvaders.o(i.check_all_enemy)
    i.lcdwrite                               0x00001c84   Section        0  virtualnokia5110.o(i.lcdwrite)
    lcdwrite                                 0x00001c85   Thumb Code    66  virtualnokia5110.o(i.lcdwrite)
    i.main                                   0x00001cd0   Section        0  spaceinvaders.o(i.main)
    i.playership_explosion                   0x00001de0   Section        0  spaceinvaders.o(i.playership_explosion)
    x$fpl$dfixu                              0x00001e28   Section       90  dfixu.o(x$fpl$dfixu)
    x$fpl$dfltu                              0x00001e82   Section       38  dflt_clz.o(x$fpl$dfltu)
    x$fpl$dmul                               0x00001ea8   Section      340  dmul.o(x$fpl$dmul)
    x$fpl$dnaninf                            0x00001ffc   Section      156  dnaninf.o(x$fpl$dnaninf)
    x$fpl$dretinf                            0x00002098   Section       12  dretinf.o(x$fpl$dretinf)
    .constdata                               0x000020a4   Section    19846  spaceinvaders.o(.constdata)
    x$fpl$usenofp                            0x000020a4   Section        0  usenofp.o(x$fpl$usenofp)
    ASCII                                    0x000020a4   Data         480  spaceinvaders.o(.constdata)
    .constdata                               0x00006e2a   Section      360  texas.o(.constdata)
    .constdata                               0x00006f92   Section      480  virtualnokia5110.o(.constdata)
    ASCII                                    0x00006f92   Data         480  virtualnokia5110.o(.constdata)
    .data                                    0x20000000   Section       56  spaceinvaders.o(.data)
    .data                                    0x20000038   Section       52  texas.o(.data)
    DATA                                     0x2000006c   Section        4  random.o(DATA)
    M                                        0x2000006c   Data           4  random.o(DATA)
    .bss                                     0x20000070   Section      340  spaceinvaders.o(.bss)
    .bss                                     0x200001c8   Section       56  texas.o(.bss)
    .bss                                     0x20000200   Section      504  virtualnokia5110.o(.bss)
    .bss                                     0x200003f8   Section       96  libspace.o(.bss)
    HEAP                                     0x20000458   Section        0  startup.o(HEAP)
    STACK                                    0x20000458   Section     1024  startup.o(STACK)
    HeapMem                                  0x20000458   Data           0  startup.o(HEAP)
    StackMem                                 0x20000458   Data           0  startup.o(STACK)

    Global Symbols

    Symbol Name                              Value     Ov Type        Size  Object(Section)

    BuildAttributes$$THM_ISAv4$E$P$D$K$B$S$7EM$PE$A:L22UL41UL21$X:L11$S22US41US21$IEEE1$IW$USESV6$~STKCKD$USESV7$~SHL$OSPACE$ROPI$EBA8$UX$STANDARDLIB$REQ8$PRES8$EABIv2 0x00000000   Number         0  anon$$obj.o ABSOLUTE
    __ARM_use_no_argv                        0x00000000   Number         0  spaceinvaders.o ABSOLUTE
    __Vectors                                0x00000000   Data           0  startup.o(RESET)
    __ARM_exceptions_init                     - Undefined Weak Reference
    __alloca_initialize                       - Undefined Weak Reference
    __cpp_initialize__aeabi_                  - Undefined Weak Reference
    __cxa_finalize                            - Undefined Weak Reference
    __rt_locale                               - Undefined Weak Reference
    __sigvec_lookup                           - Undefined Weak Reference
    _atexit_init                              - Undefined Weak Reference
    _call_atexit_fns                          - Undefined Weak Reference
    _clock_init                               - Undefined Weak Reference
    _fp_trap_init                             - Undefined Weak Reference
    _fp_trap_shutdown                         - Undefined Weak Reference
    _get_lc_collate                           - Undefined Weak Reference
    _get_lc_ctype                             - Undefined Weak Reference
    _get_lc_monetary                          - Undefined Weak Reference
    _get_lc_numeric                           - Undefined Weak Reference
    _get_lc_time                              - Undefined Weak Reference
    _getenv_init                              - Undefined Weak Reference
    _handle_redirection                       - Undefined Weak Reference
    _init_alloc                               - Undefined Weak Reference
    _init_user_alloc                          - Undefined Weak Reference
    _initio                                   - Undefined Weak Reference
    _rand_init                                - Undefined Weak Reference
    _signal_finish                            - Undefined Weak Reference
    _signal_init                              - Undefined Weak Reference
    _terminate_alloc                          - Undefined Weak Reference
    _terminate_user_alloc                     - Undefined Weak Reference
    _terminateio                              - Undefined Weak Reference
    Reset_Handler                            0x0000026d   Thumb Code     0  startup.o(RESET)
    NMI_Handler                              0x00000271   Thumb Code     2  startup.o(RESET)
    HardFault_Handler                        0x00000273   Thumb Code     2  startup.o(RESET)
    MemManage_Handler                        0x00000275   Thumb Code     2  startup.o(RESET)
    BusFault_Handler                         0x00000277   Thumb Code     2  startup.o(RESET)
    UsageFault_Handler                       0x00000279   Thumb Code     2  startup.o(RESET)
    SVC_Handler                              0x0000027b   Thumb Code     2  startup.o(RESET)
    DebugMon_Handler                         0x0000027d   Thumb Code     2  startup.o(RESET)
    PendSV_Handler                           0x0000027f   Thumb Code     2  startup.o(RESET)
    ADC0Seq0_Handler                         0x00000283   Thumb Code     0  startup.o(RESET)
    ADC0Seq1_Handler                         0x00000283   Thumb Code     0  startup.o(RESET)
    ADC0Seq2_Handler                         0x00000283   Thumb Code     0  startup.o(RESET)
    ADC0Seq3_Handler                         0x00000283   Thumb Code     0  startup.o(RESET)
    ADC1Seq0_Handler                         0x00000283   Thumb Code     0  startup.o(RESET)
    ADC1Seq1_Handler                         0x00000283   Thumb Code     0  startup.o(RESET)
    ADC1Seq2_Handler                         0x00000283   Thumb Code     0  startup.o(RESET)
    ADC1Seq3_Handler                         0x00000283   Thumb Code     0  startup.o(RESET)
    CAN0_Handler                             0x00000283   Thumb Code     0  startup.o(RESET)
    CAN1_Handler                             0x00000283   Thumb Code     0  startup.o(RESET)
    CAN2_Handler                             0x00000283   Thumb Code     0  startup.o(RESET)
    Comp0_Handler                            0x00000283   Thumb Code     0  startup.o(RESET)
    Comp1_Handler                            0x00000283   Thumb Code     0  startup.o(RESET)
    Comp2_Handler                            0x00000283   Thumb Code     0  startup.o(RESET)
    Ethernet_Handler                         0x00000283   Thumb Code     0  startup.o(RESET)
    ExtBus_Handler                           0x00000283   Thumb Code     0  startup.o(RESET)
    FPU_Handler                              0x00000283   Thumb Code     0  startup.o(RESET)
    Fan0_Handler                             0x00000283   Thumb Code     0  startup.o(RESET)
    FlashCtl_Handler                         0x00000283   Thumb Code     0  startup.o(RESET)
    GPIOPortA_Handler                        0x00000283   Thumb Code     0  startup.o(RESET)
    GPIOPortB_Handler                        0x00000283   Thumb Code     0  startup.o(RESET)
    GPIOPortC_Handler                        0x00000283   Thumb Code     0  startup.o(RESET)
    GPIOPortD_Handler                        0x00000283   Thumb Code     0  startup.o(RESET)
    GPIOPortF_Handler                        0x00000283   Thumb Code     0  startup.o(RESET)
    GPIOPortG_Handler                        0x00000283   Thumb Code     0  startup.o(RESET)
    GPIOPortH_Handler                        0x00000283   Thumb Code     0  startup.o(RESET)
    GPIOPortJ_Handler                        0x00000283   Thumb Code     0  startup.o(RESET)
    GPIOPortK_Handler                        0x00000283   Thumb Code     0  startup.o(RESET)
    GPIOPortL_Handler                        0x00000283   Thumb Code     0  startup.o(RESET)
    GPIOPortM_Handler                        0x00000283   Thumb Code     0  startup.o(RESET)
    GPIOPortN_Handler                        0x00000283   Thumb Code     0  startup.o(RESET)
    GPIOPortP1_Handler                       0x00000283   Thumb Code     0  startup.o(RESET)
    GPIOPortP2_Handler                       0x00000283   Thumb Code     0  startup.o(RESET)
    GPIOPortP3_Handler                       0x00000283   Thumb Code     0  startup.o(RESET)
    GPIOPortP4_Handler                       0x00000283   Thumb Code     0  startup.o(RESET)
    GPIOPortP5_Handler                       0x00000283   Thumb Code     0  startup.o(RESET)
    GPIOPortP6_Handler                       0x00000283   Thumb Code     0  startup.o(RESET)
    GPIOPortP7_Handler                       0x00000283   Thumb Code     0  startup.o(RESET)
    GPIOPortP_Handler                        0x00000283   Thumb Code     0  startup.o(RESET)
    GPIOPortQ1_Handler                       0x00000283   Thumb Code     0  startup.o(RESET)
    GPIOPortQ2_Handler                       0x00000283   Thumb Code     0  startup.o(RESET)
    GPIOPortQ3_Handler                       0x00000283   Thumb Code     0  startup.o(RESET)
    GPIOPortQ4_Handler                       0x00000283   Thumb Code     0  startup.o(RESET)
    GPIOPortQ5_Handler                       0x00000283   Thumb Code     0  startup.o(RESET)
    GPIOPortQ6_Handler                       0x00000283   Thumb Code     0  startup.o(RESET)
    GPIOPortQ7_Handler                       0x00000283   Thumb Code     0  startup.o(RESET)
    GPIOPortQ_Handler                        0x00000283   Thumb Code     0  startup.o(RESET)
    GPIOPortR_Handler                        0x00000283   Thumb Code     0  startup.o(RESET)
    GPIOPortS_Handler                        0x00000283   Thumb Code     0  startup.o(RESET)
    Hibernate_Handler                        0x00000283   Thumb Code     0  startup.o(RESET)
    I2C0_Handler                             0x00000283   Thumb Code     0  startup.o(RESET)
    I2C1_Handler                             0x00000283   Thumb Code     0  startup.o(RESET)
    I2C2_Handler                             0x00000283   Thumb Code     0  startup.o(RESET)
    I2C3_Handler                             0x00000283   Thumb Code     0  startup.o(RESET)
    I2C4_Handler                             0x00000283   Thumb Code     0  startup.o(RESET)
    I2C5_Handler                             0x00000283   Thumb Code     0  startup.o(RESET)
    I2S0_Handler                             0x00000283   Thumb Code     0  startup.o(RESET)
    LPC0_Handler                             0x00000283   Thumb Code     0  startup.o(RESET)
    PECI0_Handler                            0x00000283   Thumb Code     0  startup.o(RESET)
    PWM0Fault_Handler                        0x00000283   Thumb Code     0  startup.o(RESET)
    PWM0Generator0_Handler                   0x00000283   Thumb Code     0  startup.o(RESET)
    PWM0Generator1_Handler                   0x00000283   Thumb Code     0  startup.o(RESET)
    PWM0Generator2_Handler                   0x00000283   Thumb Code     0  startup.o(RESET)
    PWM0Generator3_Handler                   0x00000283   Thumb Code     0  startup.o(RESET)
    PWM1Fault_Handler                        0x00000283   Thumb Code     0  startup.o(RESET)
    PWM1Generator0_Handler                   0x00000283   Thumb Code     0  startup.o(RESET)
    PWM1Generator1_Handler                   0x00000283   Thumb Code     0  startup.o(RESET)
    PWM1Generator2_Handler                   0x00000283   Thumb Code     0  startup.o(RESET)
    PWM1Generator3_Handler                   0x00000283   Thumb Code     0  startup.o(RESET)
    Quadrature0_Handler                      0x00000283   Thumb Code     0  startup.o(RESET)
    Quadrature1_Handler                      0x00000283   Thumb Code     0  startup.o(RESET)
    Quadrature2_Handler                      0x00000283   Thumb Code     0  startup.o(RESET)
    SSI0_Handler                             0x00000283   Thumb Code     0  startup.o(RESET)
    SSI1_Handler                             0x00000283   Thumb Code     0  startup.o(RESET)
    SSI2_Handler                             0x00000283   Thumb Code     0  startup.o(RESET)
    SSI3_Handler                             0x00000283   Thumb Code     0  startup.o(RESET)
    SysCtl_Handler                           0x00000283   Thumb Code     0  startup.o(RESET)
    Timer0B_Handler                          0x00000283   Thumb Code     0  startup.o(RESET)
    Timer1A_Handler                          0x00000283   Thumb Code     0  startup.o(RESET)
    Timer1B_Handler                          0x00000283   Thumb Code     0  startup.o(RESET)
    Timer2B_Handler                          0x00000283   Thumb Code     0  startup.o(RESET)
    Timer3A_Handler                          0x00000283   Thumb Code     0  startup.o(RESET)
    Timer3B_Handler                          0x00000283   Thumb Code     0  startup.o(RESET)
    Timer4B_Handler                          0x00000283   Thumb Code     0  startup.o(RESET)
    Timer5B_Handler                          0x00000283   Thumb Code     0  startup.o(RESET)
    UART0_Handler                            0x00000283   Thumb Code     0  startup.o(RESET)
    UART1_Handler                            0x00000283   Thumb Code     0  startup.o(RESET)
    UART2_Handler                            0x00000283   Thumb Code     0  startup.o(RESET)
    UART3_Handler                            0x00000283   Thumb Code     0  startup.o(RESET)
    UART4_Handler                            0x00000283   Thumb Code     0  startup.o(RESET)
    UART5_Handler                            0x00000283   Thumb Code     0  startup.o(RESET)
    UART6_Handler                            0x00000283   Thumb Code     0  startup.o(RESET)
    UART7_Handler                            0x00000283   Thumb Code     0  startup.o(RESET)
    USB0_Handler                             0x00000283   Thumb Code     0  startup.o(RESET)
    WDT_Handler                              0x00000283   Thumb Code     0  startup.o(RESET)
    WideTimer0A_Handler                      0x00000283   Thumb Code     0  startup.o(RESET)
    WideTimer0B_Handler                      0x00000283   Thumb Code     0  startup.o(RESET)
    WideTimer1A_Handler                      0x00000283   Thumb Code     0  startup.o(RESET)
    WideTimer1B_Handler                      0x00000283   Thumb Code     0  startup.o(RESET)
    WideTimer2A_Handler                      0x00000283   Thumb Code     0  startup.o(RESET)
    WideTimer2B_Handler                      0x00000283   Thumb Code     0  startup.o(RESET)
    WideTimer3A_Handler                      0x00000283   Thumb Code     0  startup.o(RESET)
    WideTimer3B_Handler                      0x00000283   Thumb Code     0  startup.o(RESET)
    WideTimer4A_Handler                      0x00000283   Thumb Code     0  startup.o(RESET)
    WideTimer4B_Handler                      0x00000283   Thumb Code     0  startup.o(RESET)
    WideTimer5A_Handler                      0x00000283   Thumb Code     0  startup.o(RESET)
    WideTimer5B_Handler                      0x00000283   Thumb Code     0  startup.o(RESET)
    uDMA_Error                               0x00000283   Thumb Code     0  startup.o(RESET)
    uDMA_Handler                             0x00000283   Thumb Code     0  startup.o(RESET)
    __main                                   0x00000285   Thumb Code     8  __main.o(!!!main)
    __scatterload                            0x0000028d   Thumb Code     0  __scatter.o(!!!scatter)
    __scatterload_rt2                        0x0000028d   Thumb Code    44  __scatter.o(!!!scatter)
    __scatterload_rt2_thumb_only             0x0000028d   Thumb Code     0  __scatter.o(!!!scatter)
    __scatterload_null                       0x0000029b   Thumb Code     0  __scatter.o(!!!scatter)
    __scatterload_copy                       0x000002c1   Thumb Code    26  __scatter_copy.o(!!handler_copy)
    __scatterload_zeroinit                   0x000002dd   Thumb Code    28  __scatter_zi.o(!!handler_zi)
    __rt_lib_init                            0x000002f9   Thumb Code     0  libinit.o(.ARM.Collect$$libinit$$00000000)
    __rt_lib_init_alloca_1                   0x000002fb   Thumb Code     0  libinit2.o(.ARM.Collect$$libinit$$0000002C)
    __rt_lib_init_argv_1                     0x000002fb   Thumb Code     0  libinit2.o(.ARM.Collect$$libinit$$0000002A)
    __rt_lib_init_atexit_1                   0x000002fb   Thumb Code     0  libinit2.o(.ARM.Collect$$libinit$$00000019)
    __rt_lib_init_clock_1                    0x000002fb   Thumb Code     0  libinit2.o(.ARM.Collect$$libinit$$0000001F)
    __rt_lib_init_cpp_1                      0x000002fb   Thumb Code     0  libinit2.o(.ARM.Collect$$libinit$$00000030)
    __rt_lib_init_exceptions_1               0x000002fb   Thumb Code     0  libinit2.o(.ARM.Collect$$libinit$$0000002E)
    __rt_lib_init_fp_1                       0x000002fb   Thumb Code     0  libinit2.o(.ARM.Collect$$libinit$$00000002)
    __rt_lib_init_fp_trap_1                  0x000002fb   Thumb Code     0  libinit2.o(.ARM.Collect$$libinit$$0000001D)
    __rt_lib_init_getenv_1                   0x000002fb   Thumb Code     0  libinit2.o(.ARM.Collect$$libinit$$00000021)
    __rt_lib_init_heap_1                     0x000002fb   Thumb Code     0  libinit2.o(.ARM.Collect$$libinit$$00000008)
    __rt_lib_init_lc_collate_1               0x000002fb   Thumb Code     0  libinit2.o(.ARM.Collect$$libinit$$0000000F)
    __rt_lib_init_lc_ctype_1                 0x000002fb   Thumb Code     0  libinit2.o(.ARM.Collect$$libinit$$00000011)
    __rt_lib_init_lc_monetary_1              0x000002fb   Thumb Code     0  libinit2.o(.ARM.Collect$$libinit$$00000013)
    __rt_lib_init_lc_numeric_1               0x000002fb   Thumb Code     0  libinit2.o(.ARM.Collect$$libinit$$00000015)
    __rt_lib_init_lc_time_1                  0x000002fb   Thumb Code     0  libinit2.o(.ARM.Collect$$libinit$$00000017)
    __rt_lib_init_rand_1                     0x000002fb   Thumb Code     0  libinit2.o(.ARM.Collect$$libinit$$0000000C)
    __rt_lib_init_return                     0x000002fb   Thumb Code     0  libinit2.o(.ARM.Collect$$libinit$$00000031)
    __rt_lib_init_signal_1                   0x000002fb   Thumb Code     0  libinit2.o(.ARM.Collect$$libinit$$0000001B)
    __rt_lib_init_stdio_1                    0x000002fb   Thumb Code     0  libinit2.o(.ARM.Collect$$libinit$$00000023)
    __rt_lib_init_user_alloc_1               0x000002fb   Thumb Code     0  libinit2.o(.ARM.Collect$$libinit$$0000000A)
    __rt_lib_shutdown                        0x000002fd   Thumb Code     0  libshutdown.o(.ARM.Collect$$libshutdown$$00000000)
    __rt_lib_shutdown_fp_trap_1              0x000002ff   Thumb Code     0  libshutdown2.o(.ARM.Collect$$libshutdown$$00000006)
    __rt_lib_shutdown_heap_1                 0x000002ff   Thumb Code     0  libshutdown2.o(.ARM.Collect$$libshutdown$$0000000E)
    __rt_lib_shutdown_return                 0x000002ff   Thumb Code     0  libshutdown2.o(.ARM.Collect$$libshutdown$$0000000F)
    __rt_lib_shutdown_signal_1               0x000002ff   Thumb Code     0  libshutdown2.o(.ARM.Collect$$libshutdown$$00000009)
    __rt_lib_shutdown_stdio_1                0x000002ff   Thumb Code     0  libshutdown2.o(.ARM.Collect$$libshutdown$$00000003)
    __rt_lib_shutdown_user_alloc_1           0x000002ff   Thumb Code     0  libshutdown2.o(.ARM.Collect$$libshutdown$$0000000B)
    __rt_entry                               0x00000301   Thumb Code     0  rtentry.o(.ARM.Collect$$rtentry$$00000000)
    __rt_entry_presh_1                       0x00000301   Thumb Code     0  rtentry2.o(.ARM.Collect$$rtentry$$00000002)
    __rt_entry_sh                            0x00000301   Thumb Code     0  rtentry4.o(.ARM.Collect$$rtentry$$00000004)
    __rt_entry_li                            0x00000307   Thumb Code     0  rtentry2.o(.ARM.Collect$$rtentry$$0000000A)
    __rt_entry_postsh_1                      0x00000307   Thumb Code     0  rtentry2.o(.ARM.Collect$$rtentry$$00000009)
    __rt_entry_main                          0x0000030b   Thumb Code     0  rtentry2.o(.ARM.Collect$$rtentry$$0000000D)
    __rt_entry_postli_1                      0x0000030b   Thumb Code     0  rtentry2.o(.ARM.Collect$$rtentry$$0000000C)
    __rt_exit                                0x00000313   Thumb Code     0  rtexit.o(.ARM.Collect$$rtexit$$00000000)
    __rt_exit_ls                             0x00000315   Thumb Code     0  rtexit2.o(.ARM.Collect$$rtexit$$00000003)
    __rt_exit_prels_1                        0x00000315   Thumb Code     0  rtexit2.o(.ARM.Collect$$rtexit$$00000002)
    __rt_exit_exit                           0x00000319   Thumb Code     0  rtexit2.o(.ARM.Collect$$rtexit$$00000004)
    DisableInterrupts                        0x00000321   Thumb Code     0  startup.o(.text)
    EnableInterrupts                         0x00000325   Thumb Code     0  startup.o(.text)
    StartCritical                            0x00000329   Thumb Code     0  startup.o(.text)
    EndCritical                              0x00000331   Thumb Code     0  startup.o(.text)
    WaitForInterrupt                         0x00000337   Thumb Code     0  startup.o(.text)
    __user_initial_stackheap                 0x0000033b   Thumb Code     0  startup.o(.text)
    Random_Init                              0x00000351   Thumb Code     0  random.o(.text)
    Random                                   0x0000035b   Thumb Code     2  random.o(.text)
    __aeabi_memcpy4                          0x00000379   Thumb Code     0  rt_memcpy_w.o(.text)
    __aeabi_memcpy8                          0x00000379   Thumb Code     0  rt_memcpy_w.o(.text)
    __rt_memcpy_w                            0x00000379   Thumb Code   100  rt_memcpy_w.o(.text)
    _memcpy_lastbytes_aligned                0x000003c1   Thumb Code     0  rt_memcpy_w.o(.text)
    __use_two_region_memory                  0x000003dd   Thumb Code     2  heapauxi.o(.text)
    __rt_heap_escrow$2region                 0x000003df   Thumb Code     2  heapauxi.o(.text)
    __rt_heap_expand$2region                 0x000003e1   Thumb Code     2  heapauxi.o(.text)
    __user_setup_stackheap                   0x000003e3   Thumb Code    74  sys_stackheap_outer.o(.text)
    exit                                     0x0000042d   Thumb Code    12  exit.o(.text)
    __user_libspace                          0x00000439   Thumb Code     8  libspace.o(.text)
    __user_perproc_libspace                  0x00000439   Thumb Code     0  libspace.o(.text)
    __user_perthread_libspace                0x00000439   Thumb Code     0  libspace.o(.text)
    _sys_exit                                0x00000441   Thumb Code     8  sys_exit.o(.text)
    __I$use$semihosting                      0x0000044d   Thumb Code     0  use_no_semi.o(.text)
    __use_no_semihosting_swi                 0x0000044d   Thumb Code     2  use_no_semi.o(.text)
    __semihosting_library_function           0x0000044f   Thumb Code     0  indicate_semi.o(.text)
    ADC0_In                                  0x00000451   Thumb Code    36  spaceinvaders.o(i.ADC0_In)
    ADC0_Init                                0x0000047d   Thumb Code   184  spaceinvaders.o(i.ADC0_Init)
    ADC1_In                                  0x00000559   Thumb Code     6  texas.o(i.ADC1_In)
    ADC1_Init                                0x00000565   Thumb Code   174  texas.o(i.ADC1_Init)
    DAC_Init                                 0x00000639   Thumb Code   100  dac.o(i.DAC_Init)
    DAC_Out                                  0x000006b9   Thumb Code     6  dac.o(i.DAC_Out)
    Delay100ms                               0x000006c5   Thumb Code    30  spaceinvaders.o(i.Delay100ms)
    Draw_Start                               0x000006e9   Thumb Code   286  spaceinvaders.o(i.Draw_Start)
    EdgeCounter_Init                         0x00000825   Thumb Code   184  spaceinvaders.o(i.EdgeCounter_Init)
    Enemy_Explosion                          0x00000909   Thumb Code   330  spaceinvaders.o(i.Enemy_Explosion)
    GPIOPortE_Handler                        0x00000a69   Thumb Code   100  spaceinvaders.o(i.GPIOPortE_Handler)
    Init_Bottom                              0x00000ae9   Thumb Code    94  spaceinvaders.o(i.Init_Bottom)
    Init_Bunker                              0x00000b59   Thumb Code    36  spaceinvaders.o(i.Init_Bunker)
    Init_Explosion                           0x00000b95   Thumb Code    28  spaceinvaders.o(i.Init_Explosion)
    Init_Laser                               0x00000bc5   Thumb Code    22  spaceinvaders.o(i.Init_Laser)
    Init_Middle                              0x00000be9   Thumb Code    94  spaceinvaders.o(i.Init_Middle)
    Init_Missile                             0x00000c59   Thumb Code    24  spaceinvaders.o(i.Init_Missile)
    Init_Ship                                0x00000c81   Thumb Code    42  spaceinvaders.o(i.Init_Ship)
    Init_Top                                 0x00000cb5   Thumb Code    80  spaceinvaders.o(i.Init_Top)
    Laser_move                               0x00000d11   Thumb Code    60  spaceinvaders.o(i.Laser_move)
    Nokia5110_Clear                          0x00000d51   Thumb Code    32  virtualnokia5110.o(i.Nokia5110_Clear)
    Nokia5110_ClearBuffer                    0x00000d71   Thumb Code    20  virtualnokia5110.o(i.Nokia5110_ClearBuffer)
    Nokia5110_DisplayBuffer                  0x00000d89   Thumb Code    10  virtualnokia5110.o(i.Nokia5110_DisplayBuffer)
    Nokia5110_DrawFullImage                  0x00000d99   Thumb Code    34  virtualnokia5110.o(i.Nokia5110_DrawFullImage)
    Nokia5110_Init                           0x00000dbd   Thumb Code   316  virtualnokia5110.o(i.Nokia5110_Init)
    Nokia5110_OutChar                        0x00000f29   Thumb Code    52  virtualnokia5110.o(i.Nokia5110_OutChar)
    Nokia5110_OutString                      0x00000f61   Thumb Code    22  virtualnokia5110.o(i.Nokia5110_OutString)
    Nokia5110_OutUDec                        0x00000f79   Thumb Code   394  virtualnokia5110.o(i.Nokia5110_OutUDec)
    Nokia5110_PrintBMP                       0x00001115   Thumb Code   420  virtualnokia5110.o(i.Nokia5110_PrintBMP)
    Nokia5110_SetCursor                      0x000012bd   Thumb Code    48  virtualnokia5110.o(i.Nokia5110_SetCursor)
    PLL_Init                                 0x000012ed   Thumb Code   118  texas.o(i.PLL_Init)
    Play                                     0x00001369   Thumb Code    60  spaceinvaders.o(i.Play)
    PortB_Init                               0x000013b5   Thumb Code    88  spaceinvaders.o(i.PortB_Init)
    SetCode                                  0x00001425   Thumb Code    20  texas.o(i.SetCode)
    SetCourse                                0x0000143d   Thumb Code    20  texas.o(i.SetCourse)
    Shoot_Laser                              0x00001455   Thumb Code   196  spaceinvaders.o(i.Shoot_Laser)
    Shoot_Missile                            0x00001531   Thumb Code   108  spaceinvaders.o(i.Shoot_Missile)
    Sound_Init                               0x000015a9   Thumb Code    16  spaceinvaders.o(i.Sound_Init)
    Sound_Play                               0x000015b9   Thumb Code    22  spaceinvaders.o(i.Sound_Play)
    Sound_Shoot                              0x000015e1   Thumb Code    14  spaceinvaders.o(i.Sound_Shoot)
    SysTick_Handler                          0x000015f5   Thumb Code    50  spaceinvaders.o(i.SysTick_Handler)
    SysTick_Init                             0x0000163d   Thumb Code    42  spaceinvaders.o(i.SysTick_Init)
    TExaS_Init                               0x00001671   Thumb Code   324  texas.o(i.TExaS_Init)
    Timer0A_Handler                          0x00001835   Thumb Code    18  spaceinvaders.o(i.Timer0A_Handler)
    Timer0_Init                              0x00001851   Thumb Code    78  spaceinvaders.o(i.Timer0_Init)
    Timer2A_Handler                          0x000018b5   Thumb Code    30  spaceinvaders.o(i.Timer2A_Handler)
    Timer2_Init                              0x000018e1   Thumb Code    88  spaceinvaders.o(i.Timer2_Init)
    Timer4A_Handler                          0x00001951   Thumb Code    20  texas.o(i.Timer4A_Handler)
    Timer5A_Handler                          0x00001971   Thumb Code    34  texas.o(i.Timer5A_Handler)
    UART0_Init                               0x000019a1   Thumb Code   160  texas.o(i.UART0_Init)
    check_Enemy                              0x00001a61   Thumb Code   170  spaceinvaders.o(i.check_Enemy)
    check_Laser_hit                          0x00001b19   Thumb Code   274  spaceinvaders.o(i.check_Laser_hit)
    check_all_enemy                          0x00001c49   Thumb Code    48  spaceinvaders.o(i.check_all_enemy)
    main                                     0x00001cd1   Thumb Code   214  spaceinvaders.o(i.main)
    playership_explosion                     0x00001de1   Thumb Code    64  spaceinvaders.o(i.playership_explosion)
    __aeabi_d2uiz                            0x00001e29   Thumb Code     0  dfixu.o(x$fpl$dfixu)
    _dfixu                                   0x00001e29   Thumb Code    90  dfixu.o(x$fpl$dfixu)
    __aeabi_ui2d                             0x00001e83   Thumb Code     0  dflt_clz.o(x$fpl$dfltu)
    _dfltu                                   0x00001e83   Thumb Code    38  dflt_clz.o(x$fpl$dfltu)
    __aeabi_dmul                             0x00001ea9   Thumb Code     0  dmul.o(x$fpl$dmul)
    _dmul                                    0x00001ea9   Thumb Code   332  dmul.o(x$fpl$dmul)
    __fpl_dnaninf                            0x00001ffd   Thumb Code   156  dnaninf.o(x$fpl$dnaninf)
    __fpl_dretinf                            0x00002099   Thumb Code    12  dretinf.o(x$fpl$dretinf)
    __I$use$fp                               0x000020a4   Number         0  usenofp.o(x$fpl$usenofp)
    SmallEnemy30PointA                       0x00002284   Data         199  spaceinvaders.o(.constdata)
    SmallEnemy30PointB                       0x0000234b   Data         199  spaceinvaders.o(.constdata)
    SmallEnemy20PointA                       0x00002412   Data         199  spaceinvaders.o(.constdata)
    SmallEnemy20PointB                       0x000024d9   Data         199  spaceinvaders.o(.constdata)
    SmallEnemy10PointA                       0x000025a0   Data         199  spaceinvaders.o(.constdata)
    SmallEnemy10PointB                       0x00002667   Data         199  spaceinvaders.o(.constdata)
    PlayerShip0                              0x0000272e   Data         215  spaceinvaders.o(.constdata)
    SmallEnemyBonus0                         0x00002805   Data         203  spaceinvaders.o(.constdata)
    Bunker0                                  0x000028d0   Data         179  spaceinvaders.o(.constdata)
    Bunker1                                  0x00002983   Data         179  spaceinvaders.o(.constdata)
    Bunker2                                  0x00002a36   Data         179  spaceinvaders.o(.constdata)
    Bunker3                                  0x00002ae9   Data         179  spaceinvaders.o(.constdata)
    BigExplosion0                            0x00002b9c   Data         215  spaceinvaders.o(.constdata)
    BigExplosion1                            0x00002c73   Data         215  spaceinvaders.o(.constdata)
    SmallExplosion0                          0x00002d4a   Data         199  spaceinvaders.o(.constdata)
    SmallExplosion1                          0x00002e11   Data         199  spaceinvaders.o(.constdata)
    Missile0                                 0x00002ed8   Data         155  spaceinvaders.o(.constdata)
    Missile1                                 0x00002f73   Data         155  spaceinvaders.o(.constdata)
    Missile2                                 0x0000300e   Data         155  spaceinvaders.o(.constdata)
    Laser0                                   0x000030a9   Data         155  spaceinvaders.o(.constdata)
    Laser1                                   0x00003144   Data         155  spaceinvaders.o(.constdata)
    shoot                                    0x000031df   Data        4080  spaceinvaders.o(.constdata)
    invaderkilled                            0x000041cf   Data        3377  spaceinvaders.o(.constdata)
    explosion                                0x00004f00   Data        2000  spaceinvaders.o(.constdata)
    fastinvader1                             0x000056d0   Data         982  spaceinvaders.o(.constdata)
    fastinvader2                             0x00005aa6   Data        1042  spaceinvaders.o(.constdata)
    fastinvader3                             0x00005eb8   Data        1054  spaceinvaders.o(.constdata)
    fastinvader4                             0x000062d6   Data        1098  spaceinvaders.o(.constdata)
    highpitch                                0x00006720   Data        1802  spaceinvaders.o(.constdata)
    NoInputMsg                               0x00006e2a   Data          40  texas.o(.constdata)
    OutputPortMsg0                           0x00006e52   Data          40  texas.o(.constdata)
    OutputPortMsg1                           0x00006e7a   Data          40  texas.o(.constdata)
    OutputPortMsg2                           0x00006ea2   Data          40  texas.o(.constdata)
    OutputPortMsg3                           0x00006eca   Data          40  texas.o(.constdata)
    BlankMsg                                 0x00006ef2   Data          40  texas.o(.constdata)
    InitializedMsg                           0x00006f1a   Data          40  texas.o(.constdata)
    IntroMsg                                 0x00006f42   Data          40  texas.o(.constdata)
    DoneMsg                                  0x00006f6a   Data          40  texas.o(.constdata)
    Region$$Table$$Base                      0x00007174   Number         0  anon$$obj.o(Region$$Table)
    Region$$Table$$Limit                     0x00007194   Number         0  anon$$obj.o(Region$$Table)
    Index                                    0x20000000   Data           4  spaceinvaders.o(.data)
    musicCount                               0x20000004   Data           4  spaceinvaders.o(.data)
    FrameCount                               0x20000008   Data           4  spaceinvaders.o(.data)
    FallingEdges                             0x2000000c   Data           4  spaceinvaders.o(.data)
    TimerCount                               0x20000010   Data           4  spaceinvaders.o(.data)
    Semaphore                                0x20000014   Data           4  spaceinvaders.o(.data)
    Semaphore1                               0x20000018   Data           4  spaceinvaders.o(.data)
    Semaphore3                               0x2000001c   Data           4  spaceinvaders.o(.data)
    Semaphore_sound                          0x20000020   Data           4  spaceinvaders.o(.data)
    SWITCH                                   0x20000024   Data           4  spaceinvaders.o(.data)
    ADCdata                                  0x20000028   Data           4  spaceinvaders.o(.data)
    enemy_index                              0x2000002c   Data           4  spaceinvaders.o(.data)
    damege_level                             0x20000030   Data           4  spaceinvaders.o(.data)
    Wave                                     0x20000034   Data           4  spaceinvaders.o(.data)
    TExaS_Period                             0x20000038   Data           4  texas.o(.data)
    TExaS_Ports                              0x2000003c   Data           8  texas.o(.data)
    Display                                  0x20000044   Data           1  texas.o(.data)
    TExaS_Meter                              0x20000048   Data           4  texas.o(.data)
    ADCnum                                   0x2000004c   Data           4  texas.o(.data)
    LastMode                                 0x20000050   Data           4  texas.o(.data)
    bFlag                                    0x20000054   Data           4  texas.o(.data)
    Count                                    0x20000058   Data           4  texas.o(.data)
    DelayBetweenTests                        0x2000005c   Data           4  texas.o(.data)
    TExaS_Test                               0x20000060   Data           4  texas.o(.data)
    ScopeMode                                0x20000064   Data           4  texas.o(.data)
    ScopeCount                               0x20000068   Data           4  texas.o(.data)
    Enemy30                                  0x20000070   Data          80  spaceinvaders.o(.bss)
    Enemy20                                  0x200000c0   Data          80  spaceinvaders.o(.bss)
    Enemy10                                  0x20000110   Data          80  spaceinvaders.o(.bss)
    PlayerShip                               0x20000160   Data          16  spaceinvaders.o(.bss)
    Bunker                                   0x20000170   Data          24  spaceinvaders.o(.bss)
    Explosion                                0x20000188   Data          24  spaceinvaders.o(.bss)
    Missile                                  0x200001a0   Data          20  spaceinvaders.o(.bss)
    Laser                                    0x200001b4   Data          16  spaceinvaders.o(.bss)
    TExaS                                    0x200001c8   Data          56  texas.o(.bss)
    Screen                                   0x20000200   Data         504  virtualnokia5110.o(.bss)
    __libspace_start                         0x200003f8   Data          96  libspace.o(.bss)
    __temporary_stack_top$libspace           0x20000458   Data           0  libspace.o(.bss)



==============================================================================

Memory Map of the image

  Image Entry point : 0x0000026d

  Load Region LR_1 (Base: 0x00000000, Size: 0x00007204, Max: 0xffffffff, ABSOLUTE)

    Execution Region ER_RO (Base: 0x00000000, Size: 0x00007194, Max: 0xffffffff, ABSOLUTE)

    Base Addr    Size         Type   Attr      Idx    E Section Name        Object

    0x00000000   0x00000284   Code   RO            3  * RESET               startup.o
    0x00000284   0x00000008   Code   RO          514  * !!!main             c_w.l(__main.o)
    0x0000028c   0x00000034   Code   RO          685    !!!scatter          c_w.l(__scatter.o)
    0x000002c0   0x0000001a   Code   RO          687    !!handler_copy      c_w.l(__scatter_copy.o)
    0x000002da   0x00000002   PAD
    0x000002dc   0x0000001c   Code   RO          689    !!handler_zi        c_w.l(__scatter_zi.o)
    0x000002f8   0x00000002   Code   RO          558    .ARM.Collect$$libinit$$00000000  c_w.l(libinit.o)
    0x000002fa   0x00000000   Code   RO          565    .ARM.Collect$$libinit$$00000002  c_w.l(libinit2.o)
    0x000002fa   0x00000000   Code   RO          568    .ARM.Collect$$libinit$$00000008  c_w.l(libinit2.o)
    0x000002fa   0x00000000   Code   RO          570    .ARM.Collect$$libinit$$0000000A  c_w.l(libinit2.o)
    0x000002fa   0x00000000   Code   RO          572    .ARM.Collect$$libinit$$0000000C  c_w.l(libinit2.o)
    0x000002fa   0x00000000   Code   RO          575    .ARM.Collect$$libinit$$0000000F  c_w.l(libinit2.o)
    0x000002fa   0x00000000   Code   RO          577    .ARM.Collect$$libinit$$00000011  c_w.l(libinit2.o)
    0x000002fa   0x00000000   Code   RO          579    .ARM.Collect$$libinit$$00000013  c_w.l(libinit2.o)
    0x000002fa   0x00000000   Code   RO          581    .ARM.Collect$$libinit$$00000015  c_w.l(libinit2.o)
    0x000002fa   0x00000000   Code   RO          583    .ARM.Collect$$libinit$$00000017  c_w.l(libinit2.o)
    0x000002fa   0x00000000   Code   RO          585    .ARM.Collect$$libinit$$00000019  c_w.l(libinit2.o)
    0x000002fa   0x00000000   Code   RO          587    .ARM.Collect$$libinit$$0000001B  c_w.l(libinit2.o)
    0x000002fa   0x00000000   Code   RO          589    .ARM.Collect$$libinit$$0000001D  c_w.l(libinit2.o)
    0x000002fa   0x00000000   Code   RO          591    .ARM.Collect$$libinit$$0000001F  c_w.l(libinit2.o)
    0x000002fa   0x00000000   Code   RO          593    .ARM.Collect$$libinit$$00000021  c_w.l(libinit2.o)
    0x000002fa   0x00000000   Code   RO          595    .ARM.Collect$$libinit$$00000023  c_w.l(libinit2.o)
    0x000002fa   0x00000000   Code   RO          599    .ARM.Collect$$libinit$$0000002A  c_w.l(libinit2.o)
    0x000002fa   0x00000000   Code   RO          601    .ARM.Collect$$libinit$$0000002C  c_w.l(libinit2.o)
    0x000002fa   0x00000000   Code   RO          603    .ARM.Collect$$libinit$$0000002E  c_w.l(libinit2.o)
    0x000002fa   0x00000000   Code   RO          605    .ARM.Collect$$libinit$$00000030  c_w.l(libinit2.o)
    0x000002fa   0x00000002   Code   RO          606    .ARM.Collect$$libinit$$00000031  c_w.l(libinit2.o)
    0x000002fc   0x00000002   Code   RO          626    .ARM.Collect$$libshutdown$$00000000  c_w.l(libshutdown.o)
    0x000002fe   0x00000000   Code   RO          640    .ARM.Collect$$libshutdown$$00000003  c_w.l(libshutdown2.o)
    0x000002fe   0x00000000   Code   RO          643    .ARM.Collect$$libshutdown$$00000006  c_w.l(libshutdown2.o)
    0x000002fe   0x00000000   Code   RO          646    .ARM.Collect$$libshutdown$$00000009  c_w.l(libshutdown2.o)
    0x000002fe   0x00000000   Code   RO          648    .ARM.Collect$$libshutdown$$0000000B  c_w.l(libshutdown2.o)
    0x000002fe   0x00000000   Code   RO          651    .ARM.Collect$$libshutdown$$0000000E  c_w.l(libshutdown2.o)
    0x000002fe   0x00000002   Code   RO          652    .ARM.Collect$$libshutdown$$0000000F  c_w.l(libshutdown2.o)
    0x00000300   0x00000000   Code   RO          528    .ARM.Collect$$rtentry$$00000000  c_w.l(rtentry.o)
    0x00000300   0x00000000   Code   RO          535    .ARM.Collect$$rtentry$$00000002  c_w.l(rtentry2.o)
    0x00000300   0x00000006   Code   RO          547    .ARM.Collect$$rtentry$$00000004  c_w.l(rtentry4.o)
    0x00000306   0x00000000   Code   RO          537    .ARM.Collect$$rtentry$$00000009  c_w.l(rtentry2.o)
    0x00000306   0x00000004   Code   RO          538    .ARM.Collect$$rtentry$$0000000A  c_w.l(rtentry2.o)
    0x0000030a   0x00000000   Code   RO          540    .ARM.Collect$$rtentry$$0000000C  c_w.l(rtentry2.o)
    0x0000030a   0x00000008   Code   RO          541    .ARM.Collect$$rtentry$$0000000D  c_w.l(rtentry2.o)
    0x00000312   0x00000002   Code   RO          562    .ARM.Collect$$rtexit$$00000000  c_w.l(rtexit.o)
    0x00000314   0x00000000   Code   RO          608    .ARM.Collect$$rtexit$$00000002  c_w.l(rtexit2.o)
    0x00000314   0x00000004   Code   RO          609    .ARM.Collect$$rtexit$$00000003  c_w.l(rtexit2.o)
    0x00000318   0x00000006   Code   RO          610    .ARM.Collect$$rtexit$$00000004  c_w.l(rtexit2.o)
    0x0000031e   0x00000002   PAD
    0x00000320   0x00000030   Code   RO            4    .text               startup.o
    0x00000350   0x00000028   Code   RO           13    .text               random.o
    0x00000378   0x00000064   Code   RO          510    .text               c_w.l(rt_memcpy_w.o)
    0x000003dc   0x00000006   Code   RO          512    .text               c_w.l(heapauxi.o)
    0x000003e2   0x0000004a   Code   RO          549    .text               c_w.l(sys_stackheap_outer.o)
    0x0000042c   0x0000000c   Code   RO          551    .text               c_w.l(exit.o)
    0x00000438   0x00000008   Code   RO          559    .text               c_w.l(libspace.o)
    0x00000440   0x0000000c   Code   RO          618    .text               c_w.l(sys_exit.o)
    0x0000044c   0x00000002   Code   RO          629    .text               c_w.l(use_no_semi.o)
    0x0000044e   0x00000000   Code   RO          631    .text               c_w.l(indicate_semi.o)
    0x0000044e   0x00000002   PAD
    0x00000450   0x0000002c   Code   RO           16    i.ADC0_In           spaceinvaders.o
    0x0000047c   0x000000dc   Code   RO           17    i.ADC0_Init         spaceinvaders.o
    0x00000558   0x0000000c   Code   RO          296    i.ADC1_In           texas.o
    0x00000564   0x000000d4   Code   RO          297    i.ADC1_Init         texas.o
    0x00000638   0x00000080   Code   RO          490    i.DAC_Init          dac.o
    0x000006b8   0x0000000c   Code   RO          491    i.DAC_Out           dac.o
    0x000006c4   0x00000024   Code   RO           18    i.Delay100ms        spaceinvaders.o
    0x000006e8   0x0000013c   Code   RO           19    i.Draw_Start        spaceinvaders.o
    0x00000824   0x000000e4   Code   RO           20    i.EdgeCounter_Init  spaceinvaders.o
    0x00000908   0x00000160   Code   RO           21    i.Enemy_Explosion   spaceinvaders.o
    0x00000a68   0x00000080   Code   RO           22    i.GPIOPortE_Handler  spaceinvaders.o
    0x00000ae8   0x00000070   Code   RO           23    i.Init_Bottom       spaceinvaders.o
    0x00000b58   0x0000003c   Code   RO           24    i.Init_Bunker       spaceinvaders.o
    0x00000b94   0x00000030   Code   RO           25    i.Init_Explosion    spaceinvaders.o
    0x00000bc4   0x00000024   Code   RO           26    i.Init_Laser        spaceinvaders.o
    0x00000be8   0x00000070   Code   RO           27    i.Init_Middle       spaceinvaders.o
    0x00000c58   0x00000028   Code   RO           28    i.Init_Missile      spaceinvaders.o
    0x00000c80   0x00000034   Code   RO           29    i.Init_Ship         spaceinvaders.o
    0x00000cb4   0x0000005c   Code   RO           30    i.Init_Top          spaceinvaders.o
    0x00000d10   0x00000040   Code   RO           31    i.Laser_move        spaceinvaders.o
    0x00000d50   0x00000020   Code   RO          415    i.Nokia5110_Clear   virtualnokia5110.o
    0x00000d70   0x00000018   Code   RO          416    i.Nokia5110_ClearBuffer  virtualnokia5110.o
    0x00000d88   0x00000010   Code   RO          417    i.Nokia5110_DisplayBuffer  virtualnokia5110.o
    0x00000d98   0x00000022   Code   RO          418    i.Nokia5110_DrawFullImage  virtualnokia5110.o
    0x00000dba   0x00000002   PAD
    0x00000dbc   0x0000016c   Code   RO          419    i.Nokia5110_Init    virtualnokia5110.o
    0x00000f28   0x00000038   Code   RO          420    i.Nokia5110_OutChar  virtualnokia5110.o
    0x00000f60   0x00000016   Code   RO          421    i.Nokia5110_OutString  virtualnokia5110.o
    0x00000f76   0x00000002   PAD
    0x00000f78   0x0000019c   Code   RO          422    i.Nokia5110_OutUDec  virtualnokia5110.o
    0x00001114   0x000001a8   Code   RO          423    i.Nokia5110_PrintBMP  virtualnokia5110.o
    0x000012bc   0x00000030   Code   RO          424    i.Nokia5110_SetCursor  virtualnokia5110.o
    0x000012ec   0x0000007c   Code   RO          298    i.PLL_Init          texas.o
    0x00001368   0x0000004c   Code   RO           33    i.Play              spaceinvaders.o
    0x000013b4   0x00000070   Code   RO           34    i.PortB_Init        spaceinvaders.o
    0x00001424   0x00000018   Code   RO          299    i.SetCode           texas.o
    0x0000143c   0x00000018   Code   RO          300    i.SetCourse         texas.o
    0x00001454   0x000000dc   Code   RO           36    i.Shoot_Laser       spaceinvaders.o
    0x00001530   0x00000078   Code   RO           37    i.Shoot_Missile     spaceinvaders.o
    0x000015a8   0x00000010   Code   RO           44    i.Sound_Init        spaceinvaders.o
    0x000015b8   0x00000028   Code   RO           46    i.Sound_Play        spaceinvaders.o
    0x000015e0   0x00000014   Code   RO           47    i.Sound_Shoot       spaceinvaders.o
    0x000015f4   0x00000048   Code   RO           48    i.SysTick_Handler   spaceinvaders.o
    0x0000163c   0x00000034   Code   RO           49    i.SysTick_Init      spaceinvaders.o
    0x00001670   0x000001c4   Code   RO          304    i.TExaS_Init        texas.o
    0x00001834   0x0000001c   Code   RO           50    i.Timer0A_Handler   spaceinvaders.o
    0x00001850   0x00000064   Code   RO           51    i.Timer0_Init       spaceinvaders.o
    0x000018b4   0x0000002c   Code   RO           52    i.Timer2A_Handler   spaceinvaders.o
    0x000018e0   0x00000070   Code   RO           53    i.Timer2_Init       spaceinvaders.o
    0x00001950   0x00000020   Code   RO          306    i.Timer4A_Handler   texas.o
    0x00001970   0x00000030   Code   RO          307    i.Timer5A_Handler   texas.o
    0x000019a0   0x000000c0   Code   RO          310    i.UART0_Init        texas.o
    0x00001a60   0x000000b8   Code   RO           54    i.check_Enemy       spaceinvaders.o
    0x00001b18   0x00000130   Code   RO           55    i.check_Laser_hit   spaceinvaders.o
    0x00001c48   0x0000003c   Code   RO           56    i.check_all_enemy   spaceinvaders.o
    0x00001c84   0x0000004c   Code   RO          425    i.lcdwrite          virtualnokia5110.o
    0x00001cd0   0x00000110   Code   RO           57    i.main              spaceinvaders.o
    0x00001de0   0x00000048   Code   RO           58    i.playership_explosion  spaceinvaders.o
    0x00001e28   0x0000005a   Code   RO          516    x$fpl$dfixu         fz_ws.l(dfixu.o)
    0x00001e82   0x00000026   Code   RO          520    x$fpl$dfltu         fz_ws.l(dflt_clz.o)
    0x00001ea8   0x00000154   Code   RO          526    x$fpl$dmul          fz_ws.l(dmul.o)
    0x00001ffc   0x0000009c   Code   RO          529    x$fpl$dnaninf       fz_ws.l(dnaninf.o)
    0x00002098   0x0000000c   Code   RO          531    x$fpl$dretinf       fz_ws.l(dretinf.o)
    0x000020a4   0x00000000   Code   RO          533    x$fpl$usenofp       fz_ws.l(usenofp.o)
    0x000020a4   0x00004d86   Data   RO           60    .constdata          spaceinvaders.o
    0x00006e2a   0x00000168   Data   RO          315    .constdata          texas.o
    0x00006f92   0x000001e0   Data   RO          427    .constdata          virtualnokia5110.o
    0x00007172   0x00000002   PAD
    0x00007174   0x00000020   Data   RO          683    Region$$Table       anon$$obj.o


    Execution Region ER_RW (Base: 0x20000000, Size: 0x00000070, Max: 0xffffffff, ABSOLUTE)

    Base Addr    Size         Type   Attr      Idx    E Section Name        Object

    0x20000000   0x00000038   Data   RW           61    .data               spaceinvaders.o
    0x20000038   0x00000034   Data   RW          316    .data               texas.o
    0x2000006c   0x00000004   Data   RW           12    DATA                random.o


    Execution Region ER_ZI (Base: 0x20000070, Size: 0x000007e8, Max: 0xffffffff, ABSOLUTE)

    Base Addr    Size         Type   Attr      Idx    E Section Name        Object

    0x20000070   0x00000154   Zero   RW           59    .bss                spaceinvaders.o
    0x200001c4   0x00000004   PAD
    0x200001c8   0x00000038   Zero   RW          314    .bss                texas.o
    0x20000200   0x000001f8   Zero   RW          426    .bss                virtualnokia5110.o
    0x200003f8   0x00000060   Zero   RW          560    .bss                c_w.l(libspace.o)
    0x20000458   0x00000000   Zero   RW            2    HEAP                startup.o
    0x20000458   0x00000400   Zero   RW            1    STACK               startup.o


==============================================================================

Image component sizes


      Code (inc. data)   RO Data    RW Data    ZI Data      Debug   Object Name

       140         34          0          0          0        789   dac.o
        40         12          0          4          0        180   random.o
      3844        634      19846         56        340      21340   spaceinvaders.o
       692        632          0          0       1024        884   startup.o
      1120        244        360         52         56      15476   texas.o
      1508         94        480          0        504       7717   virtualnokia5110.o

    ----------------------------------------------------------------------
      7348       1650      20720        112       1928      46386   Object Totals
         0          0         32          0          0          0   (incl. Generated)
         4          0          2          0          4          0   (incl. Padding)

    ----------------------------------------------------------------------

      Code (inc. data)   RO Data    RW Data    ZI Data      Debug   Library Member Name

         8          0          0          0          0         68   __main.o
        52          8          0          0          0          0   __scatter.o
        26          0          0          0          0          0   __scatter_copy.o
        28          0          0          0          0          0   __scatter_zi.o
        12          0          0          0          0         72   exit.o
         6          0          0          0          0        152   heapauxi.o
         0          0          0          0          0          0   indicate_semi.o
         2          0          0          0          0          0   libinit.o
         2          0          0          0          0          0   libinit2.o
         2          0          0          0          0          0   libshutdown.o
         2          0          0          0          0          0   libshutdown2.o
         8          4          0          0         96         68   libspace.o
       100          0          0          0          0         80   rt_memcpy_w.o
         0          0          0          0          0          0   rtentry.o
        12          0          0          0          0          0   rtentry2.o
         6          0          0          0          0          0   rtentry4.o
         2          0          0          0          0          0   rtexit.o
        10          0          0          0          0          0   rtexit2.o
        12          4          0          0          0         68   sys_exit.o
        74          0          0          0          0         80   sys_stackheap_outer.o
         2          0          0          0          0         68   use_no_semi.o
        90          4          0          0          0         92   dfixu.o
        38          0          0          0          0         68   dflt_clz.o
       340         12          0          0          0        104   dmul.o
       156          4          0          0          0         92   dnaninf.o
        12          0          0          0          0         68   dretinf.o
         0          0          0          0          0          0   usenofp.o

    ----------------------------------------------------------------------
      1008         36          0          0         96       1080   Library Totals
         6          0          0          0          0          0   (incl. Padding)

    ----------------------------------------------------------------------

      Code (inc. data)   RO Data    RW Data    ZI Data      Debug   Library Name

       366         16          0          0         96        656   c_w.l
       636         20          0          0          0        424   fz_ws.l

    ----------------------------------------------------------------------
      1008         36          0          0         96       1080   Library Totals

    ----------------------------------------------------------------------

==============================================================================


      Code (inc. data)   RO Data    RW Data    ZI Data      Debug   

      8356       1686      20720        112       2024      44138   Grand Totals
      8356       1686      20720        112       2024      44138   ELF Image Totals
      8356       1686      20720        112          0          0   ROM Totals

==============================================================================

    Total RO  Size (Code + RO Data)                29076 (  28.39kB)
    Total RW  Size (RW Data + ZI Data)              2136 (   2.09kB)
    Total ROM Size (Code + RO Data + RW Data)      29188 (  28.50kB)

==============================================================================

