<html>
<body>
<pre>
<h1>µVision Build Log</h1>
<h2>Project:</h2>
C:\Keil\Labware\Lab15_VirtualSpaceInvaders\SpaceInvaders.uvproj
Project File Date:  02/22/2017

<h2>Output:</h2>
Build target 'SpaceInvaders'
linking...
Program Size: Code=8356 RO-data=20720 RW-data=112 ZI-data=2024  
".\SpaceInvaders.axf" - 0 Error(s), 0 Warning(s).
</pre>
</body>
</html>
g:  #1-D: last line of file ends without a newline
  void SysTick_Handler(void);
SpaceInvaders.c(2211): warning:  #1-D: last line of file ends without a newline
  }
SpaceInvaders.c(2146): warning:  #177-D: variable "AnyLife" was declared but never referenced
        int AnyLife = 1; 
SpaceInvaders.c: 4 warnings, 0 errors
linking...
Program Size: Code=8356 RO-data=20720 RW-data=112 ZI-data=2024  
".\SpaceInvaders.axf" - 0 Error(s), 4 Warning(s).
